Archive member included to satisfy reference by file (symbol)

../../Middlewares/ST/touchgfx/lib/core/cortex_m4f/gcc\libtouchgfx-float-abi-hard.a(AbstractPartition.o)
                              ./Application/User/TouchGFX/target/generated/TouchGFXConfiguration.o (touchgfx::AbstractPartition::getAllocationCount() const)
../../Middlewares/ST/touchgfx/lib/core/cortex_m4f/gcc\libtouchgfx-float-abi-hard.a(Container.o)
                              ./Application/User/generated/GameScreenViewBase.o (touchgfx::Container::add(touchgfx::Drawable&))
../../Middlewares/ST/touchgfx/lib/core/cortex_m4f/gcc\libtouchgfx-float-abi-hard.a(HAL.o)
                              ./Application/User/TouchGFX/target/TouchGFXHAL.o (touchgfx::HAL::drawDrawableInDynamicBitmap(touchgfx::Drawable&, unsigned short))
../../Middlewares/ST/touchgfx/lib/core/cortex_m4f/gcc\libtouchgfx-float-abi-hard.a(DMA.o)
                              ./Application/User/TouchGFX/target/generated/STM32DMA.o (touchgfx::DMA_Interface::seedExecution())
../../Middlewares/ST/touchgfx/lib/core/cortex_m4f/gcc\libtouchgfx-float-abi-hard.a(SnapshotWidget.o)
                              ./Application/User/generated/FrontendApplicationBase.o (touchgfx::SnapshotWidget::makeSnapshot())
../../Middlewares/ST/touchgfx/lib/core/cortex_m4f/gcc\libtouchgfx-float-abi-hard.a(AnimatedImage.o)
                              ./Application/User/gui/GameScreenView.o (touchgfx::AnimatedImage::setBitmap(touchgfx::Bitmap const&))
../../Middlewares/ST/touchgfx/lib/core/cortex_m4f/gcc\libtouchgfx-float-abi-hard.a(ScalableImage.o)
                              ./Application/User/generated/GameScreenViewBase.o (touchgfx::ScalableImage::setScalingAlgorithm(touchgfx::ScalableImage::ScalingAlgorithm))
../../Middlewares/ST/touchgfx/lib/core/cortex_m4f/gcc\libtouchgfx-float-abi-hard.a(Box.o)
                              ./Application/User/generated/GameScreenViewBase.o (vtable for touchgfx::Box)
../../Middlewares/ST/touchgfx/lib/core/cortex_m4f/gcc\libtouchgfx-float-abi-hard.a(Button.o)
                              ./Application/User/generated/GameScreenViewBase.o (touchgfx::Button::setBitmaps(touchgfx::Bitmap const&, touchgfx::Bitmap const&))
../../Middlewares/ST/touchgfx/lib/core/cortex_m4f/gcc\libtouchgfx-float-abi-hard.a(Image.o)
                              ./Application/User/generated/GameScreenViewBase.o (touchgfx::Image::setBitmap(touchgfx::Bitmap const&))
../../Middlewares/ST/touchgfx/lib/core/cortex_m4f/gcc\libtouchgfx-float-abi-hard.a(LCD.o)
                              ./Application/User/generated/Texts.o (touchgfx::LCD::drawStringLTR(touchgfx::Rect const&, touchgfx::Rect const&, touchgfx::LCD::StringVisuals const&, unsigned short const*, std::__va_list))
../../Middlewares/ST/touchgfx/lib/core/cortex_m4f/gcc\libtouchgfx-float-abi-hard.a(TouchCalibration.o)
                              ../../Middlewares/ST/touchgfx/lib/core/cortex_m4f/gcc\libtouchgfx-float-abi-hard.a(HAL.o) (touchgfx::TouchCalibration::translatePoint(touchgfx::Point&))
../../Middlewares/ST/touchgfx/lib/core/cortex_m4f/gcc\libtouchgfx-float-abi-hard.a(DisplayTransformation.o)
                              ../../Middlewares/ST/touchgfx/lib/core/cortex_m4f/gcc\libtouchgfx-float-abi-hard.a(HAL.o) (touchgfx::DisplayTransformation::transformFrameBufferToDisplay(short&, short&))
../../Middlewares/ST/touchgfx/lib/core/cortex_m4f/gcc\libtouchgfx-float-abi-hard.a(Application.o)
                              ./Application/User/generated/FrontendApplicationBase.o (touchgfx::Application::requestRedraw())
../../Middlewares/ST/touchgfx/lib/core/cortex_m4f/gcc\libtouchgfx-float-abi-hard.a(TypedText.o)
                              ./Application/User/generated/FontCache.o (touchgfx::TypedText::numberOfTypedTexts)
../../Middlewares/ST/touchgfx/lib/core/cortex_m4f/gcc\libtouchgfx-float-abi-hard.a(Font.o)
                              ./Application/User/generated/Texts.o (touchgfx::Font::getStringWidthLTR(unsigned char, unsigned short const*, std::__va_list) const)
../../Middlewares/ST/touchgfx/lib/core/cortex_m4f/gcc\libtouchgfx-float-abi-hard.a(Drawable.o)
                              ./Application/User/generated/GameScreenViewBase.o (touchgfx::Drawable::invalidate() const)
../../Middlewares/ST/touchgfx/lib/core/cortex_m4f/gcc\libtouchgfx-float-abi-hard.a(ConstFont.o)
                              ./Application/User/generated/GeneratedFont.o (touchgfx::ConstFont::ConstFont(touchgfx::GlyphNode const*, unsigned short, unsigned short, unsigned short, unsigned char, unsigned char, unsigned char, unsigned char, unsigned char, unsigned char, unsigned short, unsigned short))
../../Middlewares/ST/touchgfx/lib/core/cortex_m4f/gcc\libtouchgfx-float-abi-hard.a(Utils.o)
                              ./Application/User/generated/FontCache.o (touchgfx::memset(void*, unsigned char, unsigned long))
../../Middlewares/ST/touchgfx/lib/core/cortex_m4f/gcc\libtouchgfx-float-abi-hard.a(Screen.o)
[...]
Memory Configuration

Name             Origin             Length             Attributes
CCMRAM           0x10000000         0x00010000         xrw
RAM              0x20000000         0x00030000         xrw
FLASH            0x08000000         0x00200000         xr
SDRAM            0xd0000000         0x00800000         xrw
*default*        0x00000000         0xffffffff

Linker script and memory map

LOAD D:/ST/STM32CubeIDE_1.18.0/STM32CubeIDE/plugins/com.st.stm32cube.ide.mcu.externaltools.gnu-tools-for-stm32.13.3.rel1.win32_1.0.0.202411081344/tools/bin/../lib/gcc/arm-none-eabi/13.3.1/thumb/v7e-m+fp/hard/crti.o
LOAD D:/ST/STM32CubeIDE_1.18.0/STM32CubeIDE/plugins/com.st.stm32cube.ide.mcu.externaltools.gnu-tools-for-stm32.13.3.rel1.win32_1.0.0.202411081344/tools/bin/../lib/gcc/arm-none-eabi/13.3.1/thumb/v7e-m+fp/hard/crtbegin.o
LOAD D:/ST/STM32CubeIDE_1.18.0/STM32CubeIDE/plugins/com.st.stm32cube.ide.mcu.externaltools.gnu-tools-for-stm32.13.3.rel1.win32_1.0.0.202411081344/tools/bin/../lib/gcc/arm-none-eabi/13.3.1/../../../../arm-none-eabi/lib/thumb/v7e-m+fp/hard/crt0.o
LOAD ./Application/Startup/startup_stm32f429zitx.o
LOAD ./Application/User/TouchGFX/App/app_touchgfx.o
LOAD ./Application/User/TouchGFX/target/STM32TouchController.o
LOAD ./Application/User/TouchGFX/target/TouchGFXGPIO.o
LOAD ./Application/User/TouchGFX/target/TouchGFXHAL.o
LOAD ./Application/User/TouchGFX/target/generated/OSWrappers.o
LOAD ./Application/User/TouchGFX/target/generated/STM32DMA.o
LOAD ./Application/User/TouchGFX/target/generated/TouchGFXConfiguration.o
LOAD ./Application/User/TouchGFX/target/generated/TouchGFXGeneratedHAL.o
LOAD ./Application/User/freertos.o
LOAD ./Application/User/main.o
LOAD ./Application/User/stm32f4xx_hal_msp.o
LOAD ./Application/User/stm32f4xx_hal_timebase_tim.o
LOAD ./Application/User/stm32f4xx_it.o
LOAD ./Application/User/syscalls.o
LOAD ./Application/User/sysmem.o
LOAD ./Application/User/generated/ApplicationFontProvider.o
LOAD ./Application/User/generated/BitmapDatabase.o
LOAD ./Application/User/generated/CachedFont.o
LOAD ./Application/User/generated/FontCache.o
LOAD ./Application/User/generated/FrontendApplicationBase.o
LOAD ./Application/User/generated/GameScreenViewBase.o
LOAD ./Application/User/generated/GeneratedFont.o
LOAD ./Application/User/generated/LanguageGb.o
LOAD ./Application/User/generated/MenuScreenViewBase.o
LOAD ./Application/User/generated/SVGDatabase.o
LOAD ./Application/User/generated/Texts.o
LOAD ./Application/User/generated/TypedTextDatabase.o
LOAD ./Application/User/generated/UnmappedDataFont.o
LOAD ./Application/User/generated/VectorFontRendererBuffers.o
LOAD ./Application/User/generated/image_Dark_Buttons_Square_small.o
LOAD ./Application/User/generated/image_Dark_Buttons_Square_small_pressed.o
LOAD ./Application/User/generated/image_Health_Bar_Table.o
LOAD ./Application/User/generated/image_Health_Dot.o
LOAD ./Application/User/generated/image_background_main.o
LOAD ./Application/User/generated/image_bullet-double.o
LOAD ./Application/User/generated/image_enemy-bullet-red.o
LOAD ./Application/User/generated/image_enemy-green-01.o
LOAD ./Application/User/generated/image_enemy-green-02.o
LOAD ./Application/User/generated/image_enemy-red-01.o
LOAD ./Application/User/generated/image_enemy-red-02.o
LOAD ./Application/User/generated/image_exit.o
LOAD ./Application/User/generated/image_heart.o
LOAD ./Application/User/generated/image_level1.o
LOAD ./Application/User/generated/image_map_btn.o
LOAD ./Application/User/generated/image_n0.o
LOAD ./Application/User/generated/image_n1.o
LOAD ./Application/User/generated/image_n2.o
LOAD ./Application/User/generated/image_n3.o
LOAD ./Application/User/generated/image_n4.o
LOAD ./Application/User/generated/image_n5.o
LOAD ./Application/User/generated/image_n6.o
LOAD ./Application/User/generated/image_n7.o
LOAD ./Application/User/generated/image_n8.o
LOAD ./Application/User/generated/image_n9.o
LOAD ./Application/User/generated/image_planet_1.o
LOAD ./Application/User/generated/image_planet_4.o
LOAD ./Application/User/generated/image_planet_6.o
LOAD ./Application/User/generated/image_record.o
LOAD ./Application/User/generated/image_setting_btn.o
LOAD ./Application/User/generated/image_ship-left.o
LOAD ./Application/User/generated/image_ship-main.o
LOAD ./Application/User/generated/image_ship-right.o
LOAD ./Application/User/generated/image_star1.o
LOAD ./Application/User/generated/image_star2.o
LOAD ./Application/User/generated/image_star3.o
LOAD ./Application/User/generated/image_start_btn.o
LOAD ./Application/User/generated/image_title.o
LOAD ./Application/User/gui/FrontendApplication.o
LOAD ./Application/User/gui/GameScreenPresenter.o
LOAD ./Application/User/gui/GameScreenView.o
LOAD ./Application/User/gui/MenuScreenPresenter.o
LOAD ./Application/User/gui/MenuScreenView.o
LOAD ./Application/User/gui/Model.o
LOAD ./Application/User/src/Bullet.o
LOAD ./Application/User/src/Enemy.o
LOAD ./Application/User/src/Entity.o
LOAD ./Application/User/src/Game.o
LOAD ./Application/User/src/Ship.o
LOAD ./Application/User/src/app.o
LOAD ./Drivers/BSP/Components/ili9341.o
LOAD ./Drivers/BSP/Components/stmpe811.o
LOAD ./Drivers/CMSIS/system_stm32f4xx.o
LOAD ./Drivers/STM32F4xx_HAL_Driver/stm32f4xx_hal.o
LOAD ./Drivers/STM32F4xx_HAL_Driver/stm32f4xx_hal_cortex.o
LOAD ./Drivers/STM32F4xx_HAL_Driver/stm32f4xx_hal_crc.o
LOAD ./Drivers/STM32F4xx_HAL_Driver/stm32f4xx_hal_dma.o
LOAD ./Drivers/STM32F4xx_HAL_Driver/stm32f4xx_hal_dma2d.o
LOAD ./Drivers/STM32F4xx_HAL_Driver/stm32f4xx_hal_dma_ex.o
LOAD ./Drivers/STM32F4xx_HAL_Driver/stm32f4xx_hal_dsi.o
LOAD ./Drivers/STM32F4xx_HAL_Driver/stm32f4xx_hal_exti.o
LOAD ./Drivers/STM32F4xx_HAL_Driver/stm32f4xx_hal_flash.o
LOAD ./Drivers/STM32F4xx_HAL_Driver/stm32f4xx_hal_flash_ex.o
LOAD ./Drivers/STM32F4xx_HAL_Driver/stm32f4xx_hal_flash_ramfunc.o
LOAD ./Drivers/STM32F4xx_HAL_Driver/stm32f4xx_hal_gpio.o
LOAD ./Drivers/STM32F4xx_HAL_Driver/stm32f4xx_hal_i2c.o
LOAD ./Drivers/STM32F4xx_HAL_Driver/stm32f4xx_hal_i2c_ex.o
LOAD ./Drivers/STM32F4xx_HAL_Driver/stm32f4xx_hal_ltdc.o
LOAD ./Drivers/STM32F4xx_HAL_Driver/stm32f4xx_hal_ltdc_ex.o
LOAD ./Drivers/STM32F4xx_HAL_Driver/stm32f4xx_hal_pwr.o
LOAD ./Drivers/STM32F4xx_HAL_Driver/stm32f4xx_hal_pwr_ex.o
LOAD ./Drivers/STM32F4xx_HAL_Driver/stm32f4xx_hal_rcc.o
LOAD ./Drivers/STM32F4xx_HAL_Driver/stm32f4xx_hal_rcc_ex.o
LOAD ./Drivers/STM32F4xx_HAL_Driver/stm32f4xx_hal_sdram.o
LOAD ./Drivers/STM32F4xx_HAL_Driver/stm32f4xx_hal_spi.o
LOAD ./Drivers/STM32F4xx_HAL_Driver/stm32f4xx_hal_tim.o
LOAD ./Drivers/STM32F4xx_HAL_Driver/stm32f4xx_hal_tim_ex.o
LOAD ./Drivers/STM32F4xx_HAL_Driver/stm32f4xx_ll_fmc.o
LOAD ./Middlewares/FreeRTOS/cmsis_os2.o
LOAD ./Middlewares/FreeRTOS/croutine.o
LOAD ./Middlewares/FreeRTOS/event_groups.o
LOAD ./Middlewares/FreeRTOS/heap_4.o
LOAD ./Middlewares/FreeRTOS/list.o
LOAD ./Middlewares/FreeRTOS/port.o
LOAD ./Middlewares/FreeRTOS/queue.o
LOAD ./Middlewares/FreeRTOS/stream_buffer.o
LOAD ./Middlewares/FreeRTOS/tasks.o
LOAD ./Middlewares/FreeRTOS/timers.o
LOAD ../../Middlewares/ST/touchgfx/lib/core/cortex_m4f/gcc\libtouchgfx-float-abi-hard.a
START GROUP
LOAD D:/ST/STM32CubeIDE_1.18.0/STM32CubeIDE/plugins/com.st.stm32cube.ide.mcu.externaltools.gnu-tools-for-stm32.13.3.rel1.win32_1.0.0.202411081344/tools/bin/../lib/gcc/arm-none-eabi/13.3.1/../../../../arm-none-eabi/lib/thumb/v7e-m+fp/hard\libstdc++_nano.a
LOAD D:/ST/STM32CubeIDE_1.18.0/STM32CubeIDE/plugins/com.st.stm32cube.ide.mcu.externaltools.gnu-tools-for-stm32.13.3.rel1.win32_1.0.0.202411081344/tools/bin/../lib/gcc/arm-none-eabi/13.3.1/../../../../arm-none-eabi/lib/thumb/v7e-m+fp/hard\libsupc++_nano.a
END GROUP
LOAD D:/ST/STM32CubeIDE_1.18.0/STM32CubeIDE/plugins/com.st.stm32cube.ide.mcu.externaltools.gnu-tools-for-stm32.13.3.rel1.win32_1.0.0.202411081344/tools/bin/../lib/gcc/arm-none-eabi/13.3.1/../../../../arm-none-eabi/lib/thumb/v7e-m+fp/hard\libstdc++_nano.a
LOAD D:/ST/STM32CubeIDE_1.18.0/STM32CubeIDE/plugins/com.st.stm32cube.ide.mcu.externaltools.gnu-tools-for-stm32.13.3.rel1.win32_1.0.0.202411081344/tools/bin/../lib/gcc/arm-none-eabi/13.3.1/../../../../arm-none-eabi/lib/thumb/v7e-m+fp/hard\libm.a
LOAD D:/ST/STM32CubeIDE_1.18.0/STM32CubeIDE/plugins/com.st.stm32cube.ide.mcu.externaltools.gnu-tools-for-stm32.13.3.rel1.win32_1.0.0.202411081344/tools/bin/../lib/gcc/arm-none-eabi/13.3.1/../../../../arm-none-eabi/lib/thumb/v7e-m+fp/hard\libc_nano.a
START GROUP
LOAD D:/ST/STM32CubeIDE_1.18.0/STM32CubeIDE/plugins/com.st.stm32cube.ide.mcu.externaltools.gnu-tools-for-stm32.13.3.rel1.win32_1.0.0.202411081344/tools/bin/../lib/gcc/arm-none-eabi/13.3.1/thumb/v7e-m+fp/hard\libgcc.a
LOAD D:/ST/STM32CubeIDE_1.18.0/STM32CubeIDE/plugins/com.st.stm32cube.ide.mcu.externaltools.gnu-tools-for-stm32.13.3.rel1.win32_1.0.0.202411081344/tools/bin/../lib/gcc/arm-none-eabi/13.3.1/../../../../arm-none-eabi/lib/thumb/v7e-m+fp/hard\libc_nano.a
END GROUP
START GROUP
LOAD D:/ST/STM32CubeIDE_1.18.0/STM32CubeIDE/plugins/com.st.stm32cube.ide.mcu.externaltools.gnu-tools-for-stm32.13.3.rel1.win32_1.0.0.202411081344/tools/bin/../lib/gcc/arm-none-eabi/13.3.1/thumb/v7e-m+fp/hard\libgcc.a
LOAD D:/ST/STM32CubeIDE_1.18.0/STM32CubeIDE/plugins/com.st.stm32cube.ide.mcu.externaltools.gnu-tools-for-stm32.13.3.rel1.win32_1.0.0.202411081344/tools/bin/../lib/gcc/arm-none-eabi/13.3.1/../../../../arm-none-eabi/lib/thumb/v7e-m+fp/hard\libc_nano.a
LOAD D:/ST/STM32CubeIDE_1.18.0/STM32CubeIDE/plugins/com.st.stm32cube.ide.mcu.externaltools.gnu-tools-for-stm32.13.3.rel1.win32_1.0.0.202411081344/tools/bin/../lib/gcc/arm-none-eabi/13.3.1/../../../../arm-none-eabi/lib/thumb/v7e-m+fp/hard\libnosys.a
END GROUP
START GROUP
LOAD D:/ST/STM32CubeIDE_1.18.0/STM32CubeIDE/plugins/com.st.stm32cube.ide.mcu.externaltools.gnu-tools-for-stm32.13.3.rel1.win32_1.0.0.202411081344/tools/bin/../lib/gcc/arm-none-eabi/13.3.1/thumb/v7e-m+fp/hard\libgcc.a
LOAD D:/ST/STM32CubeIDE_1.18.0/STM32CubeIDE/plugins/com.st.stm32cube.ide.mcu.externaltools.gnu-tools-for-stm32.13.3.rel1.win32_1.0.0.202411081344/tools/bin/../lib/gcc/arm-none-eabi/13.3.1/../../../../arm-none-eabi/lib/thumb/v7e-m+fp/hard\libc_nano.a
LOAD D:/ST/STM32CubeIDE_1.18.0/STM32CubeIDE/plugins/com.st.stm32cube.ide.mcu.externaltools.gnu-tools-for-stm32.13.3.rel1.win32_1.0.0.202411081344/tools/bin/../lib/gcc/arm-none-eabi/13.3.1/../../../../arm-none-eabi/lib/thumb/v7e-m+fp/hard\libnosys.a
END GROUP
LOAD D:/ST/STM32CubeIDE_1.18.0/STM32CubeIDE/plugins/com.st.stm32cube.ide.mcu.externaltools.gnu-tools-for-stm32.13.3.rel1.win32_1.0.0.202411081344/tools/bin/../lib/gcc/arm-none-eabi/13.3.1/thumb/v7e-m+fp/hard/crtend.o
LOAD D:/ST/STM32CubeIDE_1.18.0/STM32CubeIDE/plugins/com.st.stm32cube.ide.mcu.externaltools.gnu-tools-for-stm32.13.3.rel1.win32_1.0.0.202411081344/tools/bin/../lib/gcc/arm-none-eabi/13.3.1/thumb/v7e-m+fp/hard/crtn.o
                0x20030000                        _estack = (ORIGIN (RAM) + LENGTH (RAM))
                0x00000a00                        _Min_Heap_Size = 0xa00
                0x00000a00                        _Min_Stack_Size = 0xa00

.isr_vector     0x08000000      0x1ac
                0x08000000                        . = ALIGN (0x4)
 *(.isr_vector)
 .isr_vector    0x08000000      0x1ac ./Application/Startup/startup_stm32f429zitx.o
                0x08000000                g_pfnVectors
                0x080001ac                        . = ALIGN (0x4)

.text           0x080001b0    0x1c71c
                0x080001b0                        . = ALIGN (0x4)
 *(.text)
 .text          0x080001b0       0x40 D:/ST/STM32CubeIDE_1.18.0/STM32CubeIDE/plugins/com.st.stm32cube.ide.mcu.externaltools.gnu-tools-for-stm32.13.3.rel1.win32_1.0.0.202411081344/tools/bin/../lib/gcc/arm-none-eabi/13.3.1/thumb/v7e-m+fp/hard/crtbegin.o
 .text          0x080001f0       0xa0 D:/ST/STM32CubeIDE_1.18.0/STM32CubeIDE/plugins/com.st.stm32cube.ide.mcu.externaltools.gnu-tools-for-stm32.13.3.rel1.win32_1.0.0.202411081344/tools/bin/../lib/gcc/arm-none-eabi/13.3.1/../../../../arm-none-eabi/lib/thumb/v7e-m+fp/hard\libc_nano.a(libc_a-memchr.o)
                0x080001f0                memchr
 .text          0x08000290       0x30 D:/ST/STM32CubeIDE_1.18.0/STM32CubeIDE/plugins/com.st.stm32cube.ide.mcu.externaltools.gnu-tools-for-stm32.13.3.rel1.win32_1.0.0.202411081344/tools/bin/../lib/gcc/arm-none-eabi/13.3.1/thumb/v7e-m+fp/hard\libgcc.a(_aeabi_uldivmod.o)
                0x08000290                __aeabi_uldivmod
 .text          0x080002c0      0x2f8 D:/ST/STM32CubeIDE_1.18.0/STM32CubeIDE/plugins/com.st.stm32cube.ide.mcu.externaltools.gnu-tools-for-stm32.13.3.rel1.win32_1.0.0.202411081344/tools/bin/../lib/gcc/arm-none-eabi/13.3.1/thumb/v7e-m+fp/hard\libgcc.a(_udivmoddi4.o)
                0x080002c0                __udivmoddi4
 .text          0x080005b8        0x4 D:/ST/STM32CubeIDE_1.18.0/STM32CubeIDE/plugins/com.st.stm32cube.ide.mcu.externaltools.gnu-tools-for-stm32.13.3.rel1.win32_1.0.0.202411081344/tools/bin/../lib/gcc/arm-none-eabi/13.3.1/thumb/v7e-m+fp/hard\libgcc.a(_dvmd_tls.o)
                0x080005b8                __aeabi_idiv0
                0x080005b8                __aeabi_ldiv0
 *(.text*)
 .text.Reset_Handler
                0x080005bc       0x50 ./Application/Startup/startup_stm32f429zitx.o
                0x080005bc                Reset_Handler
 .text.Default_Handler
                0x0800060c        0x2 ./Application/Startup/startup_stm32f429zitx.o
                0x0800060c                RTC_Alarm_IRQHandler
                0x0800060c                HASH_RNG_IRQHandler
                0x0800060c                EXTI2_IRQHandler
                0x0800060c                TIM8_CC_IRQHandler
                0x0800060c                UART8_IRQHandler
                0x0800060c                SPI4_IRQHandler
                0x0800060c                TIM1_CC_IRQHandler
                0x0800060c                DMA2_Stream5_IRQHandler
                0x0800060c                DMA1_Stream5_IRQHandler
                0x0800060c                PVD_IRQHandler
                0x0800060c                SDIO_IRQHandler
                0x0800060c                TAMP_STAMP_IRQHandler
                0x0800060c                CAN2_RX1_IRQHandler
                0x0800060c                EXTI3_IRQHandler
                0x0800060c                TIM8_TRG_COM_TIM14_IRQHandler
                0x0800060c                TIM1_UP_TIM10_IRQHandler
                0x0800060c                TIM8_UP_TIM13_IRQHandler
                0x0800060c                I2C3_ER_IRQHandler
                0x0800060c                EXTI0_IRQHandler
                0x0800060c                I2C2_EV_IRQHandler
                0x0800060c                DMA1_Stream2_IRQHandler
                0x0800060c                CAN1_RX0_IRQHandler
                0x0800060c                FPU_IRQHandler
                0x0800060c                OTG_HS_WKUP_IRQHandler
                0x0800060c                LTDC_ER_IRQHandler
                0x0800060c                CAN2_SCE_IRQHandler
                0x0800060c                DMA2_Stream2_IRQHandler
                0x0800060c                SPI1_IRQHandler
                0x0800060c                TIM1_BRK_TIM9_IRQHandler
                0x0800060c                DCMI_IRQHandler
                0x0800060c                CAN2_RX0_IRQHandler
                0x0800060c                DMA2_Stream3_IRQHandler
                0x0800060c                USART6_IRQHandler
                0x0800060c                USART3_IRQHandler
                0x0800060c                CAN1_RX1_IRQHandler
                0x0800060c                UART5_IRQHandler
                0x0800060c                DMA2_Stream0_IRQHandler
                0x0800060c                TIM4_IRQHandler
                0x0800060c                I2C1_EV_IRQHandler
                0x0800060c                DMA1_Stream6_IRQHandler
                0x0800060c                DMA1_Stream1_IRQHandler
                0x0800060c                UART4_IRQHandler
                0x0800060c                TIM3_IRQHandler
                0x0800060c                RCC_IRQHandler
                0x0800060c                TIM8_BRK_TIM12_IRQHandler
                0x0800060c                Default_Handler
                0x0800060c                EXTI15_10_IRQHandler
                0x0800060c                ADC_IRQHandler
                0x0800060c                DMA1_Stream7_IRQHandler
                0x0800060c                SPI5_IRQHandler
                0x0800060c                TIM7_IRQHandler
                0x0800060c                CAN2_TX_IRQHandler
                0x0800060c                TIM5_IRQHandler
                0x0800060c                DMA2_Stream7_IRQHandler
                0x0800060c                I2C3_EV_IRQHandler
                0x0800060c                EXTI9_5_IRQHandler
                0x0800060c                RTC_WKUP_IRQHandler
                0x0800060c                ETH_WKUP_IRQHandler
                0x0800060c                SPI2_IRQHandler
                0x0800060c                OTG_HS_EP1_IN_IRQHandler
                0x0800060c                DMA1_Stream0_IRQHandler
                0x0800060c                CAN1_TX_IRQHandler
                0x0800060c                EXTI4_IRQHandler
                0x0800060c                ETH_IRQHandler
                0x0800060c                OTG_HS_EP1_OUT_IRQHandler
                0x0800060c                WWDG_IRQHandler
                0x0800060c                SPI6_IRQHandler
                0x0800060c                TIM2_IRQHandler
                0x0800060c                OTG_FS_WKUP_IRQHandler
                0x0800060c                TIM1_TRG_COM_TIM11_IRQHandler
                0x0800060c                OTG_HS_IRQHandler
                0x0800060c                EXTI1_IRQHandler
                0x0800060c                UART7_IRQHandler
                0x0800060c                USART2_IRQHandler
                0x0800060c                I2C2_ER_IRQHandler
                0x0800060c                DMA2_Stream1_IRQHandler
                0x0800060c                CAN1_SCE_IRQHandler
                0x0800060c                FLASH_IRQHandler
                0x0800060c                DMA2_Stream4_IRQHandler
                0x0800060c                USART1_IRQHandler
                0x0800060c                OTG_FS_IRQHandler
                0x0800060c                SPI3_IRQHandler
                0x0800060c                DMA1_Stream4_IRQHandler
                0x0800060c                I2C1_ER_IRQHandler
                0x0800060c                FMC_IRQHandler
                0x0800060c                DMA2_Stream6_IRQHandler
                0x0800060c                SAI1_IRQHandler
                0x0800060c                DMA1_Stream3_IRQHandler
 .text.MX_TouchGFX_Init
                0x0800060e        0x4 ./Application/User/TouchGFX/App/app_touchgfx.o
                0x0800060e                MX_TouchGFX_Init
 .text.TouchGFX_Task
                0x08000612        0x4 ./Application/User/TouchGFX/App/app_touchgfx.o
                0x08000612                TouchGFX_Task
 .text._ZN20STM32TouchControllerD2Ev
                0x08000616        0x2 ./Application/User/TouchGFX/target/STM32TouchController.o
                0x08000616                STM32TouchController::~STM32TouchController()
                0x08000616                STM32TouchController::~STM32TouchController()
 .text._ZN20STM32TouchControllerD0Ev
                0x08000618        0xe ./Application/User/TouchGFX/target/STM32TouchController.o
                0x08000618                STM32TouchController::~STM32TouchController()
 *fill*         0x08000626        0x2 
 .text._Z11BSP_TS_Inittt
                0x08000628       0x44 ./Application/User/TouchGFX/target/STM32TouchController.o
                0x08000628                BSP_TS_Init(unsigned short, unsigned short)
 .text._ZN20STM32TouchController4initEv
                0x0800066c        0xa ./Application/User/TouchGFX/target/STM32TouchController.o
                0x0800066c                STM32TouchController::init()
 *fill*         0x08000676        0x2 
 .text._Z15BSP_TS_GetStateP15TS_StateTypeDef
                0x08000678       0xec ./Application/User/TouchGFX/target/STM32TouchController.o
                0x08000678                BSP_TS_GetState(TS_StateTypeDef*)
 .text._ZN20STM32TouchController11sampleTouchERlS0_
                0x08000764       0x24 ./Application/User/TouchGFX/target/STM32TouchController.o
                0x08000764                STM32TouchController::sampleTouch(long&, long&)
 .text._ZN8touchgfx4GPIO3setENS0_7GPIO_IDE
                0x08000788       0x54 ./Application/User/TouchGFX/target/TouchGFXGPIO.o
                0x08000788                touchgfx::GPIO::set(touchgfx::GPIO::GPIO_ID)
 .text._ZN8touchgfx4GPIO5clearENS0_7GPIO_IDE
                0x080007dc       0x54 ./Application/User/TouchGFX/target/TouchGFXGPIO.o
                0x080007dc                touchgfx::GPIO::clear(touchgfx::GPIO::GPIO_ID)
 .text._ZN8touchgfx4GPIO6toggleENS0_7GPIO_IDE
                0x08000830       0x28 ./Application/User/TouchGFX/target/TouchGFXGPIO.o
                0x08000830                touchgfx::GPIO::toggle(touchgfx::GPIO::GPIO_ID)
 .text._ZN8touchgfx4GPIO3getENS0_7GPIO_IDE
                0x08000858       0x34 ./Application/User/TouchGFX/target/TouchGFXGPIO.o
                0x08000858                touchgfx::GPIO::get(touchgfx::GPIO::GPIO_ID)
 .text._ZN8touchgfx4GPIO4initEv
                0x0800088c       0x28 ./Application/User/TouchGFX/target/TouchGFXGPIO.o
                0x0800088c                touchgfx::GPIO::init()
 .text._ZN8touchgfx3HAL21setDisplayOrientationENS_18DisplayOrientationE
                0x080008b4        0xc ./Application/User/TouchGFX/target/TouchGFXHAL.o
                0x080008b4                touchgfx::HAL::setDisplayOrientation(touchgfx::DisplayOrientation)
 .text._ZN8touchgfx3HAL9sampleKeyERh
                0x080008c0        0x4 ./Application/User/TouchGFX/target/TouchGFXHAL.o
                0x080008c0                touchgfx::HAL::sampleKey(unsigned char&)
 .text._ZN8touchgfx3HAL19setAnimationStorageEPv
                0x080008c4       0x14 ./Application/User/TouchGFX/target/TouchGFXHAL.o
                0x080008c4                touchgfx::HAL::setAnimationStorage(void*)
 .text._ZNK8touchgfx3HAL18getFlashDataReaderEv
                0x080008d8        0x4 ./Application/User/TouchGFX/target/TouchGFXHAL.o
                0x080008d8                touchgfx::HAL::getFlashDataReader() const
 .text._ZN8touchgfx3HAL9taskDelayEt
                0x080008dc        0xa ./Application/User/TouchGFX/target/TouchGFXHAL.o
                0x080008dc                touchgfx::HAL::taskDelay(unsigned short)
 .text._ZN8touchgfx3HAL17getTFTCurrentLineEv
                0x080008e6        0x6 ./Application/User/TouchGFX/target/TouchGFXHAL.o
                0x080008e6                touchgfx::HAL::getTFTCurrentLine()
 .text._ZN8touchgfx3HAL10getDMATypeEv
                0x080008ec        0x8 ./Application/User/TouchGFX/target/TouchGFXHAL.o
                0x080008ec                touchgfx::HAL::getDMAType()
 .text._ZN8touchgfx3HAL15InvalidateCacheEv
                0x080008f4        0x2 ./Application/User/TouchGFX/target/TouchGFXHAL.o
                0x080008f4                touchgfx::HAL::InvalidateCache()
 .text._ZN8touchgfx3HAL10FlushCacheEv
                0x080008f6        0x2 ./Application/User/TouchGFX/target/TouchGFXHAL.o
                0x080008f6                touchgfx::HAL::FlushCache()
 .text._ZN11TouchGFXHALD2Ev
                0x080008f8        0x2 ./Application/User/TouchGFX/target/TouchGFXHAL.o
                0x080008f8                TouchGFXHAL::~TouchGFXHAL()
                0x080008f8                TouchGFXHAL::~TouchGFXHAL()
 *fill*         0x080008fa        0x2 
 .text._ZN11TouchGFXHAL10initializeEv
                0x080008fc       0x24 ./Application/User/TouchGFX/target/TouchGFXHAL.o
                0x080008fc                TouchGFXHAL::initialize()
 .text._ZN11TouchGFXHAL9taskEntryEv
                0x08000920       0x34 ./Application/User/TouchGFX/target/TouchGFXHAL.o
                0x08000920                TouchGFXHAL::taskEntry()
 .text._ZN8touchgfx3HAL15backPorchExitedEv
                0x08000954       0x16 ./Application/User/TouchGFX/target/TouchGFXHAL.o
                0x08000954                touchgfx::HAL::backPorchExited()
 .text._ZNK11TouchGFXHAL17getTFTFrameBufferEv
                0x0800096a        0x4 ./Application/User/TouchGFX/target/TouchGFXHAL.o
                0x0800096a                TouchGFXHAL::getTFTFrameBuffer() const
 .text._ZN11TouchGFXHAL17setTFTFrameBufferEPt
                0x0800096e        0x4 ./Application/User/TouchGFX/target/TouchGFXHAL.o
                0x0800096e                TouchGFXHAL::setTFTFrameBuffer(unsigned short*)
 .text._ZN11TouchGFXHAL16flushFrameBufferERKN8touchgfx4RectE
                0x08000972        0x4 ./Application/User/TouchGFX/target/TouchGFXHAL.o
                0x08000972                TouchGFXHAL::flushFrameBuffer(touchgfx::Rect const&)
 .text._ZN11TouchGFXHAL19configureInterruptsEv
                0x08000976        0x4 ./Application/User/TouchGFX/target/TouchGFXHAL.o
                0x08000976                TouchGFXHAL::configureInterrupts()
 .text._ZN11TouchGFXHAL16enableInterruptsEv
                0x0800097a        0x4 ./Application/User/TouchGFX/target/TouchGFXHAL.o
                0x0800097a                TouchGFXHAL::enableInterrupts()
 .text._ZN11TouchGFXHAL17disableInterruptsEv
                0x0800097e        0x4 ./Application/User/TouchGFX/target/TouchGFXHAL.o
                0x0800097e                TouchGFXHAL::disableInterrupts()
 .text._ZN11TouchGFXHAL28enableLCDControllerInterruptEv
                0x08000982        0x4 ./Application/User/TouchGFX/target/TouchGFXHAL.o
                0x08000982                TouchGFXHAL::enableLCDControllerInterrupt()
 .text._ZN11TouchGFXHAL16flushFrameBufferEv
                0x08000986        0x4 ./Application/User/TouchGFX/target/TouchGFXHAL.o
                0x08000986                TouchGFXHAL::flushFrameBuffer()
 .text._ZN11TouchGFXHALD0Ev
                0x0800098a        0xe ./Application/User/TouchGFX/target/TouchGFXHAL.o
                0x0800098a                TouchGFXHAL::~TouchGFXHAL()
 .text._ZN8touchgfx3HAL31performDisplayOrientationChangeEv
                0x08000998       0x48 ./Application/User/TouchGFX/target/TouchGFXHAL.o
                0x08000998                touchgfx::HAL::performDisplayOrientationChange()
 .text._ZN8touchgfx3HAL28setFrameBufferStartAddressesEPvS1_S1_
                0x080009e0       0x40 ./Application/User/TouchGFX/target/TouchGFXHAL.o
                0x080009e0                touchgfx::HAL::setFrameBufferStartAddresses(void*, void*, void*)
 .text._ZN8touchgfx3HAL18setFrameBufferSizeEtt
                0x08000a20       0x44 ./Application/User/TouchGFX/target/TouchGFXHAL.o
                0x08000a20                touchgfx::HAL::setFrameBufferSize(unsigned short, unsigned short)
 .text._ZN8touchgfx3HAL11getBlitCapsEv
                0x08000a64       0x12 ./Application/User/TouchGFX/target/TouchGFXHAL.o
                0x08000a64                touchgfx::HAL::getBlitCaps()
 *fill*         0x08000a76        0x2 
 .text._ZN8touchgfx10OSWrappers10initializeEv
                0x08000a78       0x50 ./Application/User/TouchGFX/target/generated/OSWrappers.o
                0x08000a78                touchgfx::OSWrappers::initialize()
 .text._ZN8touchgfx10OSWrappers24takeFrameBufferSemaphoreEv
                0x08000ac8       0x10 ./Application/User/TouchGFX/target/generated/OSWrappers.o
                0x08000ac8                touchgfx::OSWrappers::takeFrameBufferSemaphore()
 .text._ZN8touchgfx10OSWrappers24giveFrameBufferSemaphoreEv
                0x08000ad8        0xc ./Application/User/TouchGFX/target/generated/OSWrappers.o
                0x08000ad8                touchgfx::OSWrappers::giveFrameBufferSemaphore()
 .text._ZN8touchgfx10OSWrappers27tryTakeFrameBufferSemaphoreEv
                0x08000ae4       0x10 ./Application/User/TouchGFX/target/generated/OSWrappers.o
                0x08000ae4                touchgfx::OSWrappers::tryTakeFrameBufferSemaphore()
 .text._ZN8touchgfx10OSWrappers31giveFrameBufferSemaphoreFromISREv
                0x08000af4        0x4 ./Application/User/TouchGFX/target/generated/OSWrappers.o
                0x08000af4                touchgfx::OSWrappers::giveFrameBufferSemaphoreFromISR()
 .text._ZN8touchgfx10OSWrappers11signalVSyncEv
                0x08000af8       0x18 ./Application/User/TouchGFX/target/generated/OSWrappers.o
                0x08000af8                touchgfx::OSWrappers::signalVSync()
 .text._ZN8touchgfx10OSWrappers12waitForVSyncEv
                0x08000b10       0x28 ./Application/User/TouchGFX/target/generated/OSWrappers.o
                0x08000b10                touchgfx::OSWrappers::waitForVSync()
 .text._ZN8touchgfx13DMA_Interface5flushEv
                0x08000b38        0x6 ./Application/User/TouchGFX/target/generated/STM32DMA.o
                0x08000b38                touchgfx::DMA_Interface::flush()
 .text._ZN8STM32DMA10getDMATypeEv
                0x08000b3e        0x4 ./Application/User/TouchGFX/target/generated/STM32DMA.o
                0x08000b3e                STM32DMA::getDMAType()
 .text._ZN8STM32DMA18signalDMAInterruptEv
                0x08000b42        0x6 ./Application/User/TouchGFX/target/generated/STM32DMA.o
                0x08000b42                STM32DMA::signalDMAInterrupt()
 .text._ZN8STM32DMA10initializeEv
                0x08000b48       0x4c ./Application/User/TouchGFX/target/generated/STM32DMA.o
                0x08000b48                STM32DMA::initialize()
 .text._ZN8STM32DMA11getBlitCapsEv
                0x08000b94        0x6 ./Application/User/TouchGFX/target/generated/STM32DMA.o
                0x08000b94                STM32DMA::getBlitCaps()
 *fill*         0x08000b9a        0x2 
 .text._ZN8STM32DMAD2Ev
                0x08000b9c       0x20 ./Application/User/TouchGFX/target/generated/STM32DMA.o
                0x08000b9c                STM32DMA::~STM32DMA()
                0x08000b9c                STM32DMA::~STM32DMA()
 .text._ZN8STM32DMAD0Ev
                0x08000bbc       0x16 ./Application/User/TouchGFX/target/generated/STM32DMA.o
                0x08000bbc                STM32DMA::~STM32DMA()
 *fill*         0x08000bd2        0x2 
 .text._ZN8STM32DMA23getChromARTOutputFormatEN8touchgfx6Bitmap12BitmapFormatE.isra.0
                0x08000bd4       0x3c ./Application/User/TouchGFX/target/generated/STM32DMA.o
 .text._ZN8STM32DMA13setupDataFillERKN8touchgfx6BlitOpE
                0x08000c10       0x78 ./Application/User/TouchGFX/target/generated/STM32DMA.o
                0x08000c10                STM32DMA::setupDataFill(touchgfx::BlitOp const&)
 .text._ZN8STM32DMA22getChromARTInputFormatEN8touchgfx6Bitmap12BitmapFormatE.isra.0
                0x08000c88       0x40 ./Application/User/TouchGFX/target/generated/STM32DMA.o
 .text._ZN8STM32DMA13setupDataCopyERKN8touchgfx6BlitOpE
                0x08000cc8      0x158 ./Application/User/TouchGFX/target/generated/STM32DMA.o
                0x08000cc8                STM32DMA::setupDataCopy(touchgfx::BlitOp const&)
 .text.DMA2D_XferCpltCallback
                0x08000e20       0x10 ./Application/User/TouchGFX/target/generated/STM32DMA.o
 .text._ZN8STM32DMAC2Ev
                0x08000e30       0x34 ./Application/User/TouchGFX/target/generated/STM32DMA.o
                0x08000e30                STM32DMA::STM32DMA()
                0x08000e30                STM32DMA::STM32DMA()
 .text._ZNK8touchgfx9PartitionINS_4meta8TypeListINS_15SlideTransitionILNS_9DirectionE2EEENS2_INS1_3NilES6_EEEELt1EE8capacityEv
                0x08000e64        0x4 ./Application/User/TouchGFX/target/generated/TouchGFXConfiguration.o
                0x08000e64                touchgfx::Partition<touchgfx::meta::TypeList<touchgfx::SlideTransition<(touchgfx::Direction)2>, touchgfx::meta::TypeList<touchgfx::meta::Nil, touchgfx::meta::Nil> >, (unsigned short)1>::capacity() const
 .text._ZN8touchgfx9PartitionINS_4meta8TypeListINS_15SlideTransitionILNS_9DirectionE2EEENS2_INS1_3NilES6_EEEELt1EE12element_sizeEv
                0x08000e68        0x4 ./Application/User/TouchGFX/target/generated/TouchGFXConfiguration.o
                0x08000e68                touchgfx::Partition<touchgfx::meta::TypeList<touchgfx::SlideTransition<(touchgfx::Direction)2>, touchgfx::meta::TypeList<touchgfx::meta::Nil, touchgfx::meta::Nil> >, (unsigned short)1>::element_size()
 .text._ZN8touchgfx9PartitionINS_4meta8TypeListINS_15SlideTransitionILNS_9DirectionE2EEENS2_INS1_3NilES6_EEEELt1EE7elementEt
                0x08000e6c        0x8 ./Application/User/TouchGFX/target/generated/TouchGFXConfiguration.o
                0x08000e6c                touchgfx::Partition<touchgfx::meta::TypeList<touchgfx::SlideTransition<(touchgfx::Direction)2>, touchgfx::meta::TypeList<touchgfx::meta::Nil, touchgfx::meta::Nil> >, (unsigned short)1>::element(unsigned short)
 .text._ZNK8touchgfx9PartitionINS_4meta8TypeListINS_15SlideTransitionILNS_9DirectionE2EEENS2_INS1_3NilES6_EEEELt1EE7elementEt
                0x08000e74        0x8 ./Application/User/TouchGFX/target/generated/TouchGFXConfiguration.o
                0x08000e74                touchgfx::Partition<touchgfx::meta::TypeList<touchgfx::SlideTransition<(touchgfx::Direction)2>, touchgfx::meta::TypeList<touchgfx::meta::Nil, touchgfx::meta::Nil> >, (unsigned short)1>::element(unsigned short) const
 .text._ZNK8touchgfx9PartitionINS_4meta8TypeListI14GameScreenViewNS2_INS1_3NilES4_EEEELt1EE8capacityEv
                0x08000e7c        0x4 ./Application/User/TouchGFX/target/generated/TouchGFXConfiguration.o
                0x08000e7c                touchgfx::Partition<touchgfx::meta::TypeList<GameScreenView, touchgfx::meta::TypeList<touchgfx::meta::Nil, touchgfx::meta::Nil> >, (unsigned short)1>::capacity() const
 .text._ZN8touchgfx9PartitionINS_4meta8TypeListI14GameScreenViewNS2_INS1_3NilES4_EEEELt1EE12element_sizeEv
                0x08000e80        0x6 ./Application/User/TouchGFX/target/generated/TouchGFXConfiguration.o
                0x08000e80                touchgfx::Partition<touchgfx::meta::TypeList<GameScreenView, touchgfx::meta::TypeList<touchgfx::meta::Nil, touchgfx::meta::Nil> >, (unsigned short)1>::element_size()
 .text._ZN8touchgfx9PartitionINS_4meta8TypeListI14GameScreenViewNS2_INS1_3NilES4_EEEELt1EE7elementEt
                0x08000e86        0xc ./Application/User/TouchGFX/target/generated/TouchGFXConfiguration.o
                0x08000e86                touchgfx::Partition<touchgfx::meta::TypeList<GameScreenView, touchgfx::meta::TypeList<touchgfx::meta::Nil, touchgfx::meta::Nil> >, (unsigned short)1>::element(unsigned short)
 .text._ZNK8touchgfx9PartitionINS_4meta8TypeListI14GameScreenViewNS2_INS1_3NilES4_EEEELt1EE7elementEt
                0x08000e92        0xc ./Application/User/TouchGFX/target/generated/TouchGFXConfiguration.o
                0x08000e92                touchgfx::Partition<touchgfx::meta::TypeList<GameScreenView, touchgfx::meta::TypeList<touchgfx::meta::Nil, touchgfx::meta::Nil> >, (unsigned short)1>::element(unsigned short) const
 .text._ZNK8touchgfx9PartitionINS_4meta8TypeListI19GameScreenPresenterNS2_INS1_3NilES4_EEEELt1EE8capacityEv
                0x08000e9e        0x4 ./Application/User/TouchGFX/target/generated/TouchGFXConfiguration.o
                0x08000e9e                touchgfx::Partition<touchgfx::meta::TypeList<GameScreenPresenter, touchgfx::meta::TypeList<touchgfx::meta::Nil, touchgfx::meta::Nil> >, (unsigned short)1>::capacity() const
 .text._ZN8touchgfx9PartitionINS_4meta8TypeListI19GameScreenPresenterNS2_INS1_3NilES4_EEEELt1EE12element_sizeEv
                0x08000ea2        0x4 ./Application/User/TouchGFX/target/generated/TouchGFXConfiguration.o
                0x08000ea2                touchgfx::Partition<touchgfx::meta::TypeList<GameScreenPresenter, touchgfx::meta::TypeList<touchgfx::meta::Nil, touchgfx::meta::Nil> >, (unsigned short)1>::element_size()
 .text._ZN8touchgfx9PartitionINS_4meta8TypeListI19GameScreenPresenterNS2_INS1_3NilES4_EEEELt1EE7elementEt
                0x08000ea6        0x8 ./Application/User/TouchGFX/target/generated/TouchGFXConfiguration.o
                0x08000ea6                touchgfx::Partition<touchgfx::meta::TypeList<GameScreenPresenter, touchgfx::meta::TypeList<touchgfx::meta::Nil, touchgfx::meta::Nil> >, (unsigned short)1>::element(unsigned short)
 .text._ZNK8touchgfx9PartitionINS_4meta8TypeListI19GameScreenPresenterNS2_INS1_3NilES4_EEEELt1EE7elementEt
                0x08000eae        0x8 ./Application/User/TouchGFX/target/generated/TouchGFXConfiguration.o
                0x08000eae                touchgfx::Partition<touchgfx::meta::TypeList<GameScreenPresenter, touchgfx::meta::TypeList<touchgfx::meta::Nil, touchgfx::meta::Nil> >, (unsigned short)1>::element(unsigned short) const
 .text._ZN16FrontendHeapBase15gotoStartScreenER19FrontendApplication
                0x08000eb6        0x6 ./Application/User/TouchGFX/target/generated/TouchGFXConfiguration.o
                0x08000eb6                FrontendHeapBase::gotoStartScreen(FrontendApplication&)
 .text._ZN8touchgfx9PartitionINS_4meta8TypeListINS_15SlideTransitionILNS_9DirectionE2EEENS2_INS1_3NilES6_EEEELt1EED2Ev
                0x08000ebc       0x14 ./Application/User/TouchGFX/target/generated/TouchGFXConfiguration.o
                0x08000ebc                touchgfx::Partition<touchgfx::meta::TypeList<touchgfx::SlideTransition<(touchgfx::Direction)2>, touchgfx::meta::TypeList<touchgfx::meta::Nil, touchgfx::meta::Nil> >, (unsigned short)1>::~Partition()
                0x08000ebc                touchgfx::Partition<touchgfx::meta::TypeList<touchgfx::SlideTransition<(touchgfx::Direction)2>, touchgfx::meta::TypeList<touchgfx::meta::Nil, touchgfx::meta::Nil> >, (unsigned short)1>::~Partition()
 .text._ZN8touchgfx9PartitionINS_4meta8TypeListINS_15SlideTransitionILNS_9DirectionE2EEENS2_INS1_3NilES6_EEEELt1EED0Ev
                0x08000ed0       0x14 ./Application/User/TouchGFX/target/generated/TouchGFXConfiguration.o
                0x08000ed0                touchgfx::Partition<touchgfx::meta::TypeList<touchgfx::SlideTransition<(touchgfx::Direction)2>, touchgfx::meta::TypeList<touchgfx::meta::Nil, touchgfx::meta::Nil> >, (unsigned short)1>::~Partition()
 .text._ZN8touchgfx9PartitionINS_4meta8TypeListI14GameScreenViewNS2_INS1_3NilES4_EEEELt1EED2Ev
                0x08000ee4       0x14 ./Application/User/TouchGFX/target/generated/TouchGFXConfiguration.o
                0x08000ee4                touchgfx::Partition<touchgfx::meta::TypeList<GameScreenView, touchgfx::meta::TypeList<touchgfx::meta::Nil, touchgfx::meta::Nil> >, (unsigned short)1>::~Partition()
                0x08000ee4                touchgfx::Partition<touchgfx::meta::TypeList<GameScreenView, touchgfx::meta::TypeList<touchgfx::meta::Nil, touchgfx::meta::Nil> >, (unsigned short)1>::~Partition()
 .text._ZN8touchgfx9PartitionINS_4meta8TypeListI14GameScreenViewNS2_INS1_3NilES4_EEEELt1EED0Ev
                0x08000ef8       0x16 ./Application/User/TouchGFX/target/generated/TouchGFXConfiguration.o
                0x08000ef8                touchgfx::Partition<touchgfx::meta::TypeList<GameScreenView, touchgfx::meta::TypeList<touchgfx::meta::Nil, touchgfx::meta::Nil> >, (unsigned short)1>::~Partition()
 *fill*         0x08000f0e        0x2 
 .text._ZN8touchgfx9PartitionINS_4meta8TypeListI19GameScreenPresenterNS2_INS1_3NilES4_EEEELt1EED2Ev
                0x08000f10       0x14 ./Application/User/TouchGFX/target/generated/TouchGFXConfiguration.o
                0x08000f10                touchgfx::Partition<touchgfx::meta::TypeList<GameScreenPresenter, touchgfx::meta::TypeList<touchgfx::meta::Nil, touchgfx::meta::Nil> >, (unsigned short)1>::~Partition()
                0x08000f10                touchgfx::Partition<touchgfx::meta::TypeList<GameScreenPresenter, touchgfx::meta::TypeList<touchgfx::meta::Nil, touchgfx::meta::Nil> >, (unsigned short)1>::~Partition()
 .text._ZN8touchgfx9PartitionINS_4meta8TypeListI19GameScreenPresenterNS2_INS1_3NilES4_EEEELt1EED0Ev
                0x08000f24       0x14 ./Application/User/TouchGFX/target/generated/TouchGFXConfiguration.o
                0x08000f24                touchgfx::Partition<touchgfx::meta::TypeList<GameScreenPresenter, touchgfx::meta::TypeList<touchgfx::meta::Nil, touchgfx::meta::Nil> >, (unsigned short)1>::~Partition()
 .text._ZN12FrontendHeapD2Ev
                0x08000f38       0x2c ./Application/User/TouchGFX/target/generated/TouchGFXConfiguration.o
                0x08000f38                FrontendHeap::~FrontendHeap()
                0x08000f38                FrontendHeap::~FrontendHeap()
 .text.__tcf_0  0x08000f64       0x10 ./Application/User/TouchGFX/target/generated/TouchGFXConfiguration.o
 .text._ZN12FrontendHeapD0Ev
                0x08000f74       0x16 ./Application/User/TouchGFX/target/generated/TouchGFXConfiguration.o
                0x08000f74                FrontendHeap::~FrontendHeap()
 *fill*         0x08000f8a        0x2 
 .text.touchgfx_init
                0x08000f8c       0xe8 ./Application/User/TouchGFX/target/generated/TouchGFXConfiguration.o
                0x08000f8c                touchgfx_init
 .text.touchgfx_taskEntry
                0x08001074        0xc ./Application/User/TouchGFX/target/generated/TouchGFXConfiguration.o
                0x08001074                touchgfx_taskEntry
 .text.startup._GLOBAL__sub_I_touchgfx_init
                0x08001080       0xc4 ./Application/User/TouchGFX/target/generated/TouchGFXConfiguration.o
 .text.exit._GLOBAL__sub_D_touchgfx_init
                0x08001144        0xc ./Application/User/TouchGFX/target/generated/TouchGFXConfiguration.o
 .text._ZN20TouchGFXGeneratedHAL19configureInterruptsEv
                0x08001150       0x14 ./Application/User/TouchGFX/target/generated/TouchGFXGeneratedHAL.o
                0x08001150                TouchGFXGeneratedHAL::configureInterrupts()
 .text._ZN20TouchGFXGeneratedHAL28enableLCDControllerInterruptEv
                0x08001164       0x34 ./Application/User/TouchGFX/target/generated/TouchGFXGeneratedHAL.o
                0x08001164                TouchGFXGeneratedHAL::enableLCDControllerInterrupt()
 .text._ZNK20TouchGFXGeneratedHAL17getTFTFrameBufferEv
                0x08001198        0xc ./Application/User/TouchGFX/target/generated/TouchGFXGeneratedHAL.o
                0x08001198                TouchGFXGeneratedHAL::getTFTFrameBuffer() const
 .text._ZN20TouchGFXGeneratedHAL17setTFTFrameBufferEPt
                0x080011a4       0x10 ./Application/User/TouchGFX/target/generated/TouchGFXGeneratedHAL.o
                0x080011a4                TouchGFXGeneratedHAL::setTFTFrameBuffer(unsigned short*)
 .text._ZN20TouchGFXGeneratedHAL10initializeEv
                0x080011b4       0x34 ./Application/User/TouchGFX/target/generated/TouchGFXGeneratedHAL.o
                0x080011b4                TouchGFXGeneratedHAL::initialize()
 .text._ZN20TouchGFXGeneratedHAL10beginFrameEv
                0x080011e8        0x4 ./Application/User/TouchGFX/target/generated/TouchGFXGeneratedHAL.o
                0x080011e8                TouchGFXGeneratedHAL::beginFrame()
 .text._ZN20TouchGFXGeneratedHAL8endFrameEv
                0x080011ec       0x14 ./Application/User/TouchGFX/target/generated/TouchGFXGeneratedHAL.o
                0x080011ec                TouchGFXGeneratedHAL::endFrame()
 .text._ZN20TouchGFXGeneratedHAL16flushFrameBufferERKN8touchgfx4RectE
                0x08001200        0x4 ./Application/User/TouchGFX/target/generated/TouchGFXGeneratedHAL.o
                0x08001200                TouchGFXGeneratedHAL::flushFrameBuffer(touchgfx::Rect const&)
 .text._ZN20TouchGFXGeneratedHAL9blockCopyEPvPKvm
                0x08001204        0x4 ./Application/User/TouchGFX/target/generated/TouchGFXGeneratedHAL.o
                0x08001204                TouchGFXGeneratedHAL::blockCopy(void*, void const*, unsigned long)
 .text._ZN20TouchGFXGeneratedHAL16enableInterruptsEv
                0x08001208       0x14 ./Application/User/TouchGFX/target/generated/TouchGFXGeneratedHAL.o
                0x08001208                TouchGFXGeneratedHAL::enableInterrupts()
 .text._ZN20TouchGFXGeneratedHAL17disableInterruptsEv
                0x0800121c       0x28 ./Application/User/TouchGFX/target/generated/TouchGFXGeneratedHAL.o
                0x0800121c                TouchGFXGeneratedHAL::disableInterrupts()
 .text.HAL_LTDC_LineEventCallback
                0x08001244       0x64 ./Application/User/TouchGFX/target/generated/TouchGFXGeneratedHAL.o
                0x08001244                HAL_LTDC_LineEventCallback
 .text.SPI5_Write
                0x080012a8       0x24 ./Application/User/main.o
 .text.StartDefaultTask
                0x080012cc       0xd8 ./Application/User/main.o
                0x080012cc                StartDefaultTask
 .text.SystemClock_Config
                0x080013a4       0x98 ./Application/User/main.o
                0x080013a4                SystemClock_Config
 .text.startup.main
                0x0800143c      0x3f8 ./Application/User/main.o
                0x0800143c                main
 .text.IOE_Init
                0x08001834        0x2 ./Application/User/main.o
                0x08001834                IOE_Init
 .text.IOE_ITConfig
                0x08001836        0x2 ./Application/User/main.o
                0x08001836                IOE_ITConfig
 .text.IOE_Write
                0x08001838       0x30 ./Application/User/main.o
                0x08001838                IOE_Write
 .text.IOE_Read
                0x08001868       0x34 ./Application/User/main.o
                0x08001868                IOE_Read
 .text.IOE_ReadMultiple
                0x0800189c       0x2c ./Application/User/main.o
                0x0800189c                IOE_ReadMultiple
 .text.IOE_Delay
                0x080018c8        0x4 ./Application/User/main.o
                0x080018c8                IOE_Delay
 .text.LCD_IO_Init
                0x080018cc       0x20 ./Application/User/main.o
                0x080018cc                LCD_IO_Init
 .text.LCD_IO_WriteData
                0x080018ec       0x38 ./Application/User/main.o
                0x080018ec                LCD_IO_WriteData
 .text.LCD_IO_WriteReg
                0x08001924       0x38 ./Application/User/main.o
                0x08001924                LCD_IO_WriteReg
 .text.LCD_IO_ReadData
                0x0800195c       0x64 ./Application/User/main.o
                0x0800195c                LCD_IO_ReadData
 .text.LCD_Delay
                0x080019c0        0x4 ./Application/User/main.o
                0x080019c0                LCD_Delay
 .text.HAL_TIM_PeriodElapsedCallback
                0x080019c4       0x14 ./Application/User/main.o
                0x080019c4                HAL_TIM_PeriodElapsedCallback
 .text.Error_Handler
                0x080019d8        0x2 ./Application/User/main.o
                0x080019d8                Error_Handler
 *fill*         0x080019da        0x2 
 .text.HAL_MspInit
                0x080019dc       0x40 ./Application/User/stm32f4xx_hal_msp.o
                0x080019dc                HAL_MspInit
 .text.HAL_CRC_MspInit
                0x08001a1c       0x30 ./Application/User/stm32f4xx_hal_msp.o
                0x08001a1c                HAL_CRC_MspInit
 .text.HAL_DMA2D_MspInit
                0x08001a4c       0x44 ./Application/User/stm32f4xx_hal_msp.o
                0x08001a4c                HAL_DMA2D_MspInit
 .text.HAL_I2C_MspInit
                0x08001a90       0xb8 ./Application/User/stm32f4xx_hal_msp.o
                0x08001a90                HAL_I2C_MspInit
 .text.HAL_LTDC_MspInit
                0x08001b48      0x1b8 ./Application/User/stm32f4xx_hal_msp.o
                0x08001b48                HAL_LTDC_MspInit
 .text.HAL_SPI_MspInit
                0x08001d00       0x6c ./Application/User/stm32f4xx_hal_msp.o
                0x08001d00                HAL_SPI_MspInit
 .text.HAL_SDRAM_MspInit
                0x08001d6c       0xd8 ./Application/User/stm32f4xx_hal_msp.o
                0x08001d6c                HAL_SDRAM_MspInit
 .text.HAL_InitTick
                0x08001e44       0x7c ./Application/User/stm32f4xx_hal_timebase_tim.o
                0x08001e44                HAL_InitTick
 .text.NMI_Handler
                0x08001ec0        0x2 ./Application/User/stm32f4xx_it.o
                0x08001ec0                NMI_Handler
 .text.HardFault_Handler
                0x08001ec2        0x2 ./Application/User/stm32f4xx_it.o
                0x08001ec2                HardFault_Handler
 .text.MemManage_Handler
                0x08001ec4        0x2 ./Application/User/stm32f4xx_it.o
                0x08001ec4                MemManage_Handler
 .text.BusFault_Handler
                0x08001ec6        0x2 ./Application/User/stm32f4xx_it.o
                0x08001ec6                BusFault_Handler
 .text.UsageFault_Handler
                0x08001ec8        0x2 ./Application/User/stm32f4xx_it.o
                0x08001ec8                UsageFault_Handler
 .text.DebugMon_Handler
                0x08001eca        0x2 ./Application/User/stm32f4xx_it.o
                0x08001eca                DebugMon_Handler
 .text.TIM6_DAC_IRQHandler
                0x08001ecc        0xc ./Application/User/stm32f4xx_it.o
                0x08001ecc                TIM6_DAC_IRQHandler
 .text.LTDC_IRQHandler
                0x08001ed8        0xc ./Application/User/stm32f4xx_it.o
                0x08001ed8                LTDC_IRQHandler
 .text.DMA2D_IRQHandler
                0x08001ee4        0xc ./Application/User/stm32f4xx_it.o
                0x08001ee4                DMA2D_IRQHandler
 .text._getpid  0x08001ef0        0x4 ./Application/User/syscalls.o
                0x08001ef0                _getpid
 .text._kill    0x08001ef4       0x10 ./Application/User/syscalls.o
                0x08001ef4                _kill
 .text._exit    0x08001f04        0xc ./Application/User/syscalls.o
                0x08001f04                _exit
 .text._read    0x08001f10       0x1c ./Application/User/syscalls.o
                0x08001f10                _read
 .text._write   0x08001f2c       0x1c ./Application/User/syscalls.o
                0x08001f2c                _write
 .text._close   0x08001f48        0x6 ./Application/User/syscalls.o
                0x08001f48                _close
 .text._fstat   0x08001f4e        0xa ./Application/User/syscalls.o
                0x08001f4e                _fstat
 .text._isatty  0x08001f58        0x4 ./Application/User/syscalls.o
                0x08001f58                _isatty
 .text._lseek   0x08001f5c        0x4 ./Application/User/syscalls.o
                0x08001f5c                _lseek
 .text._sbrk    0x08001f60       0x34 ./Application/User/sysmem.o
                0x08001f60                _sbrk
 .text._ZN23ApplicationFontProvider7getFontEt
                0x08001f94        0x4 ./Application/User/generated/ApplicationFontProvider.o
                0x08001f94                ApplicationFontProvider::getFont(unsigned short)
 .text._ZN23ApplicationFontProviderD2Ev
                0x08001f98        0x2 ./Application/User/generated/ApplicationFontProvider.o
                0x08001f98                ApplicationFontProvider::~ApplicationFontProvider()
                0x08001f98                ApplicationFontProvider::~ApplicationFontProvider()
 .text._ZN23ApplicationFontProviderD0Ev
                0x08001f9a        0xe ./Application/User/generated/ApplicationFontProvider.o
                0x08001f9a                ApplicationFontProvider::~ApplicationFontProvider()
 .text._ZN14BitmapDatabase11getInstanceEv
                0x08001fa8        0x8 ./Application/User/generated/BitmapDatabase.o
                0x08001fa8                BitmapDatabase::getInstance()
 .text._ZN14BitmapDatabase15getInstanceSizeEv
                0x08001fb0        0x4 ./Application/User/generated/BitmapDatabase.o
                0x08001fb0                BitmapDatabase::getInstanceSize()
 .text._ZN8touchgfx11Application19changeToStartScreenEv
                0x08001fb4        0x2 ./Application/User/generated/FrontendApplicationBase.o
                0x08001fb4                touchgfx::Application::changeToStartScreen()
 .text._ZN8touchgfx11Application15appSwitchScreenEh
                0x08001fb6        0x2 ./Application/User/generated/FrontendApplicationBase.o
                0x08001fb6                touchgfx::Application::appSwitchScreen(unsigned char)
 .text._ZN8touchgfx11Application13requestRedrawERNS_4RectE
                0x08001fb8        0xc ./Application/User/generated/FrontendApplicationBase.o
                0x08001fb8                touchgfx::Application::requestRedraw(touchgfx::Rect&)
 .text._ZN8touchgfx10Transition8tearDownEv
                0x08001fc4        0x2 ./Application/User/generated/FrontendApplicationBase.o
                0x08001fc4                touchgfx::Transition::tearDown()
 .text._ZN8touchgfx10Transition4initEv
                0x08001fc6        0x2 ./Application/User/generated/FrontendApplicationBase.o
                0x08001fc6                touchgfx::Transition::init()
 .text._ZN8touchgfx10Transition18setScreenContainerERNS_9ContainerE
                0x08001fc8        0x4 ./Application/User/generated/FrontendApplicationBase.o
                0x08001fc8                touchgfx::Transition::setScreenContainer(touchgfx::Container&)
 .text._ZN8touchgfx8CallbackI23FrontendApplicationBasevvvED2Ev
                0x08001fcc        0x2 ./Application/User/generated/FrontendApplicationBase.o
                0x08001fcc                touchgfx::Callback<FrontendApplicationBase, void, void, void>::~Callback()
                0x08001fcc                touchgfx::Callback<FrontendApplicationBase, void, void, void>::~Callback()
 .text._ZN23FrontendApplicationBaseD2Ev
                0x08001fce        0x2 ./Application/User/generated/FrontendApplicationBase.o
                0x08001fce                FrontendApplicationBase::~FrontendApplicationBase()
                0x08001fce                FrontendApplicationBase::~FrontendApplicationBase()
 .text._ZN23FrontendApplicationBase19changeToStartScreenEv
                0x08001fd0       0x20 ./Application/User/generated/FrontendApplicationBase.o
                0x08001fd0                FrontendApplicationBase::changeToStartScreen()
 .text._ZN8touchgfx12NoTransition15handleTickEventEv
                0x08001ff0        0x6 ./Application/User/generated/FrontendApplicationBase.o
                0x08001ff0                touchgfx::NoTransition::handleTickEvent()
 .text._ZN8touchgfx15SlideTransitionILNS_9DirectionE2EED2Ev
                0x08001ff6        0x2 ./Application/User/generated/FrontendApplicationBase.o
                0x08001ff6                touchgfx::SlideTransition<(touchgfx::Direction)2>::~SlideTransition()
                0x08001ff6                touchgfx::SlideTransition<(touchgfx::Direction)2>::~SlideTransition()
 .text._ZN8touchgfx12NoTransitionD2Ev
                0x08001ff8        0x2 ./Application/User/generated/FrontendApplicationBase.o
                0x08001ff8                touchgfx::NoTransition::~NoTransition()
                0x08001ff8                touchgfx::NoTransition::~NoTransition()
 .text._ZN8touchgfx8CallbackI23FrontendApplicationBasevvvE7executeEv
                0x08001ffa       0x20 ./Application/User/generated/FrontendApplicationBase.o
                0x08001ffa                touchgfx::Callback<FrontendApplicationBase, void, void, void>::execute()
 .text._ZNK8touchgfx8CallbackI23FrontendApplicationBasevvvE7isValidEv
                0x0800201a       0x16 ./Application/User/generated/FrontendApplicationBase.o
                0x0800201a                touchgfx::Callback<FrontendApplicationBase, void, void, void>::isValid() const
 .text._ZN8touchgfx12NoTransitionD0Ev
                0x08002030        0xe ./Application/User/generated/FrontendApplicationBase.o
                0x08002030                touchgfx::NoTransition::~NoTransition()
 .text._ZN8touchgfx8CallbackI23FrontendApplicationBasevvvED0Ev
                0x0800203e        0xe ./Application/User/generated/FrontendApplicationBase.o
                0x0800203e                touchgfx::Callback<FrontendApplicationBase, void, void, void>::~Callback()
 .text._ZN23FrontendApplicationBaseD0Ev
                0x0800204c       0x10 ./Application/User/generated/FrontendApplicationBase.o
                0x0800204c                FrontendApplicationBase::~FrontendApplicationBase()
 .text._ZN8touchgfx15SlideTransitionILNS_9DirectionE2EED0Ev
                0x0800205c        0xe ./Application/User/generated/FrontendApplicationBase.o
                0x0800205c                touchgfx::SlideTransition<(touchgfx::Direction)2>::~SlideTransition()
 .text._ZN8touchgfx10Transition10invalidateEv
                0x0800206a       0x10 ./Application/User/generated/FrontendApplicationBase.o
                0x0800206a                touchgfx::Transition::invalidate()
 *fill*         0x0800207a        0x2 
 .text._ZN8touchgfx15SlideTransitionILNS_9DirectionE2EE8tearDownEv
                0x0800207c       0x1c ./Application/User/generated/FrontendApplicationBase.o
                0x0800207c                touchgfx::SlideTransition<(touchgfx::Direction)2>::tearDown()
 .text._ZN8touchgfx15SlideTransitionILNS_9DirectionE2EE4initEv
                0x08002098       0x3a ./Application/User/generated/FrontendApplicationBase.o
                0x08002098                touchgfx::SlideTransition<(touchgfx::Direction)2>::init()
 .text._ZN8touchgfx14MVPApplication29handlePendingScreenTransitionEv
                0x080020d2       0x24 ./Application/User/generated/FrontendApplicationBase.o
                0x080020d2                touchgfx::MVPApplication::handlePendingScreenTransition()
 .text._ZN8touchgfx15SlideTransitionILNS_9DirectionE2EE15handleTickEventEv
                0x080020f6       0x72 ./Application/User/generated/FrontendApplicationBase.o
                0x080020f6                touchgfx::SlideTransition<(touchgfx::Direction)2>::handleTickEvent()
 .text._ZN23FrontendApplicationBase36gotoMenuScreenScreenNoTransitionImplEv
                0x08002168      0x14c ./Application/User/generated/FrontendApplicationBase.o
                0x08002168                FrontendApplicationBase::gotoMenuScreenScreenNoTransitionImpl()
 .text._ZN8touchgfx3HAL3lcdEv
                0x080022b4       0x18 ./Application/User/generated/FrontendApplicationBase.o
                0x080022b4                touchgfx::HAL::lcd()
 .text._ZN23FrontendApplicationBaseC2ER5ModelR12FrontendHeap
                0x080022cc       0x58 ./Application/User/generated/FrontendApplicationBase.o
                0x080022cc                FrontendApplicationBase::FrontendApplicationBase(Model&, FrontendHeap&)
                0x080022cc                FrontendApplicationBase::FrontendApplicationBase(Model&, FrontendHeap&)
 .text._ZN23FrontendApplicationBase32gotoMenuScreenScreenNoTransitionEv
                0x08002324       0x20 ./Application/User/generated/FrontendApplicationBase.o
                0x08002324                FrontendApplicationBase::gotoMenuScreenScreenNoTransition()
 .text._ZN23FrontendApplicationBase39gotoMenuScreenScreenSlideTransitionEastEv
                0x08002344       0x20 ./Application/User/generated/FrontendApplicationBase.o
                0x08002344                FrontendApplicationBase::gotoMenuScreenScreenSlideTransitionEast()
 .text._ZN23FrontendApplicationBase39gotoGameScreenScreenSlideTransitionEastEv
                0x08002364       0x20 ./Application/User/generated/FrontendApplicationBase.o
                0x08002364                FrontendApplicationBase::gotoGameScreenScreenSlideTransitionEast()
 .text._ZN8touchgfx15SlideTransitionILNS_9DirectionE2EEC2Eh
                0x08002384       0x74 ./Application/User/generated/FrontendApplicationBase.o
                0x08002384                touchgfx::SlideTransition<(touchgfx::Direction)2>::SlideTransition(unsigned char)
                0x08002384                touchgfx::SlideTransition<(touchgfx::Direction)2>::SlideTransition(unsigned char)
 .text._ZN23FrontendApplicationBase43gotoGameScreenScreenSlideTransitionEastImplEv
                0x080023f8      0x13c ./Application/User/generated/FrontendApplicationBase.o
                0x080023f8                FrontendApplicationBase::gotoGameScreenScreenSlideTransitionEastImpl()
 .text._ZN23FrontendApplicationBase43gotoMenuScreenScreenSlideTransitionEastImplEv
                0x08002534      0x13c ./Application/User/generated/FrontendApplicationBase.o
                0x08002534                FrontendApplicationBase::gotoMenuScreenScreenSlideTransitionEastImpl()
 .text._ZN8touchgfx8Drawable13getFirstChildEv
                0x08002670        0x4 ./Application/User/generated/GameScreenViewBase.o
                0x08002670                touchgfx::Drawable::getFirstChild()
 .text._ZN8touchgfx8Drawable4setXEs
                0x08002674        0x4 ./Application/User/generated/GameScreenViewBase.o
                0x08002674                touchgfx::Drawable::setX(short)
 .text._ZN8touchgfx8Drawable4setYEs
                0x08002678        0x4 ./Application/User/generated/GameScreenViewBase.o
                0x08002678                touchgfx::Drawable::setY(short)
 .text._ZN8touchgfx8Drawable8setWidthEs
                0x0800267c        0x4 ./Application/User/generated/GameScreenViewBase.o
                0x0800267c                touchgfx::Drawable::setWidth(short)
 .text._ZN8touchgfx8Drawable9setHeightEs
                0x08002680        0x4 ./Application/User/generated/GameScreenViewBase.o
                0x08002680                touchgfx::Drawable::setHeight(short)
 .text._ZN8touchgfx8Drawable20childGeometryChangedEv
                0x08002684        0x2 ./Application/User/generated/GameScreenViewBase.o
                0x08002684                touchgfx::Drawable::childGeometryChanged()
 .text._ZN8touchgfx8Drawable16handleClickEventERKNS_10ClickEventE
                0x08002686        0x2 ./Application/User/generated/GameScreenViewBase.o
                0x08002686                touchgfx::Drawable::handleClickEvent(touchgfx::ClickEvent const&)
 .text._ZN8touchgfx8Drawable18handleGestureEventERKNS_12GestureEventE
                0x08002688        0x2 ./Application/User/generated/GameScreenViewBase.o
                0x08002688                touchgfx::Drawable::handleGestureEvent(touchgfx::GestureEvent const&)
 .text._ZN8touchgfx8Drawable15handleDragEventERKNS_9DragEventE
                0x0800268a        0x2 ./Application/User/generated/GameScreenViewBase.o
                0x0800268a                touchgfx::Drawable::handleDragEvent(touchgfx::DragEvent const&)
 .text._ZN8touchgfx8Drawable15handleTickEventEv
                0x0800268c        0x2 ./Application/User/generated/GameScreenViewBase.o
                0x0800268c                touchgfx::Drawable::handleTickEvent()
 .text._ZN8touchgfx8Drawable6moveToEss
                0x0800268e       0x18 ./Application/User/generated/GameScreenViewBase.o
                0x0800268e                touchgfx::Drawable::moveTo(short, short)
 .text._ZN8touchgfx8Drawable14setupDrawChainERKNS_4RectEPPS0_
                0x080026a6       0x14 ./Application/User/generated/GameScreenViewBase.o
                0x080026a6                touchgfx::Drawable::setupDrawChain(touchgfx::Rect const&, touchgfx::Drawable**)
 .text._ZN8touchgfx6Screen11setupScreenEv
                0x080026ba        0x2 ./Application/User/generated/GameScreenViewBase.o
                0x080026ba                touchgfx::Screen::setupScreen()
 .text._ZN8touchgfx6Screen15afterTransitionEv
                0x080026bc        0x2 ./Application/User/generated/GameScreenViewBase.o
                0x080026bc                touchgfx::Screen::afterTransition()
 .text._ZN8touchgfx6Screen14tearDownScreenEv
                0x080026be        0x2 ./Application/User/generated/GameScreenViewBase.o
                0x080026be                touchgfx::Screen::tearDownScreen()
 .text._ZN8touchgfx6Screen15handleTickEventEv
                0x080026c0        0x2 ./Application/User/generated/GameScreenViewBase.o
                0x080026c0                touchgfx::Screen::handleTickEvent()
 .text._ZN8touchgfx6Screen14handleKeyEventEh
                0x080026c2        0x2 ./Application/User/generated/GameScreenViewBase.o
                0x080026c2                touchgfx::Screen::handleKeyEvent(unsigned char)
 .text._ZN8touchgfx8CallbackI18GameScreenViewBaseRKNS_14AbstractButtonEvvED2Ev
                0x080026c4        0x2 ./Application/User/generated/GameScreenViewBase.o
                0x080026c4                touchgfx::Callback<GameScreenViewBase, touchgfx::AbstractButton const&, void, void>::~Callback()
                0x080026c4                touchgfx::Callback<GameScreenViewBase, touchgfx::AbstractButton const&, void, void>::~Callback()
 .text._ZN18GameScreenViewBaseD2Ev
                0x080026c6        0x2 ./Application/User/generated/GameScreenViewBase.o
                0x080026c6                GameScreenViewBase::~GameScreenViewBase()
                0x080026c6                GameScreenViewBase::~GameScreenViewBase()
 .text._ZN18GameScreenViewBase11setupScreenEv
                0x080026c8        0x2 ./Application/User/generated/GameScreenViewBase.o
                0x080026c8                GameScreenViewBase::setupScreen()
 .text._ZN8touchgfx8CallbackI18GameScreenViewBaseRKNS_14AbstractButtonEvvE7executeES4_
                0x080026ca       0x1e ./Application/User/generated/GameScreenViewBase.o
                0x080026ca                touchgfx::Callback<GameScreenViewBase, touchgfx::AbstractButton const&, void, void>::execute(touchgfx::AbstractButton const&)
 .text._ZNK8touchgfx8CallbackI18GameScreenViewBaseRKNS_14AbstractButtonEvvE7isValidEv
                0x080026e8       0x16 ./Application/User/generated/GameScreenViewBase.o
                0x080026e8                touchgfx::Callback<GameScreenViewBase, touchgfx::AbstractButton const&, void, void>::isValid() const
 .text._ZN8touchgfx8CallbackI18GameScreenViewBaseRKNS_14AbstractButtonEvvED0Ev
                0x080026fe        0xe ./Application/User/generated/GameScreenViewBase.o
                0x080026fe                touchgfx::Callback<GameScreenViewBase, touchgfx::AbstractButton const&, void, void>::~Callback()
 .text._ZN18GameScreenViewBaseD0Ev
                0x0800270c       0x10 ./Application/User/generated/GameScreenViewBase.o
                0x0800270c                GameScreenViewBase::~GameScreenViewBase()
 .text._ZNK8touchgfx8Drawable17invalidateContentEv
                0x0800271c        0xe ./Application/User/generated/GameScreenViewBase.o
                0x0800271c                touchgfx::Drawable::invalidateContent() const
 .text._ZN8touchgfx6Widget12getLastChildEssPPNS_8DrawableE
                0x0800272a       0x10 ./Application/User/generated/GameScreenViewBase.o
                0x0800272a                touchgfx::Widget::getLastChild(short, short, touchgfx::Drawable**)
 .text._ZN18GameScreenViewBase21buttonCallbackHandlerERKN8touchgfx14AbstractButtonE
                0x0800273a       0x2c ./Application/User/generated/GameScreenViewBase.o
                0x0800273a                GameScreenViewBase::buttonCallbackHandler(touchgfx::AbstractButton const&)
 .text._ZN8touchgfx8Drawable5setXYEss
                0x08002766       0x1a ./Application/User/generated/GameScreenViewBase.o
                0x08002766                touchgfx::Drawable::setXY(short, short)
 .text._ZN8touchgfx8Drawable11setPositionEssss
                0x08002780       0x26 ./Application/User/generated/GameScreenViewBase.o
                0x08002780                touchgfx::Drawable::setPosition(short, short, short, short)
 *fill*         0x080027a6        0x2 
 .text._ZN8touchgfx6WidgetC2Ev
                0x080027a8       0x24 ./Application/User/generated/GameScreenViewBase.o
                0x080027a8                touchgfx::Widget::Widget()
                0x080027a8                touchgfx::Widget::Widget()
 .text._ZN8touchgfx5ImageC2ERKNS_6BitmapE
                0x080027cc       0x34 ./Application/User/generated/GameScreenViewBase.o
                0x080027cc                touchgfx::Image::Image(touchgfx::Bitmap const&)
                0x080027cc                touchgfx::Image::Image(touchgfx::Bitmap const&)
 .text._ZN8touchgfx6ButtonC2Ev
                0x08002800       0x38 ./Application/User/generated/GameScreenViewBase.o
                0x08002800                touchgfx::Button::Button()
                0x08002800                touchgfx::Button::Button()
 .text._ZN18GameScreenViewBaseC2Ev
                0x08002838      0xb0c ./Application/User/generated/GameScreenViewBase.o
                0x08002838                GameScreenViewBase::GameScreenViewBase()
                0x08002838                GameScreenViewBase::GameScreenViewBase()
 .text._ZN8touchgfx8CallbackI18MenuScreenViewBaseRKNS_14AbstractButtonEvvED2Ev
                0x08003344        0x2 ./Application/User/generated/MenuScreenViewBase.o
                0x08003344                touchgfx::Callback<MenuScreenViewBase, touchgfx::AbstractButton const&, void, void>::~Callback()
                0x08003344                touchgfx::Callback<MenuScreenViewBase, touchgfx::AbstractButton const&, void, void>::~Callback()
 .text._ZN18MenuScreenViewBaseD2Ev
                0x08003346        0x2 ./Application/User/generated/MenuScreenViewBase.o
                0x08003346                MenuScreenViewBase::~MenuScreenViewBase()
                0x08003346                MenuScreenViewBase::~MenuScreenViewBase()
 .text._ZN18MenuScreenViewBase11setupScreenEv
                0x08003348        0x2 ./Application/User/generated/MenuScreenViewBase.o
                0x08003348                MenuScreenViewBase::setupScreen()
 .text._ZN8touchgfx8CallbackI18MenuScreenViewBaseRKNS_14AbstractButtonEvvE7executeES4_
                0x0800334a       0x1e ./Application/User/generated/MenuScreenViewBase.o
                0x0800334a                touchgfx::Callback<MenuScreenViewBase, touchgfx::AbstractButton const&, void, void>::execute(touchgfx::AbstractButton const&)
 .text._ZNK8touchgfx8CallbackI18MenuScreenViewBaseRKNS_14AbstractButtonEvvE7isValidEv
                0x08003368       0x16 ./Application/User/generated/MenuScreenViewBase.o
                0x08003368                touchgfx::Callback<MenuScreenViewBase, touchgfx::AbstractButton const&, void, void>::isValid() const
 .text._ZN8touchgfx8CallbackI18MenuScreenViewBaseRKNS_14AbstractButtonEvvED0Ev
                0x0800337e        0xe ./Application/User/generated/MenuScreenViewBase.o
                0x0800337e                touchgfx::Callback<MenuScreenViewBase, touchgfx::AbstractButton const&, void, void>::~Callback()
 .text._ZN18MenuScreenViewBaseD0Ev
                0x0800338c       0x10 ./Application/User/generated/MenuScreenViewBase.o
                0x0800338c                MenuScreenViewBase::~MenuScreenViewBase()
 .text._ZN18MenuScreenViewBase21buttonCallbackHandlerERKN8touchgfx14AbstractButtonE
                0x0800339c       0x16 ./Application/User/generated/MenuScreenViewBase.o
                0x0800339c                MenuScreenViewBase::buttonCallbackHandler(touchgfx::AbstractButton const&)
 *fill*         0x080033b2        0x2 
 .text._ZN18MenuScreenViewBaseC2Ev
                0x080033b4      0x17c ./Application/User/generated/MenuScreenViewBase.o
                0x080033b4                MenuScreenViewBase::MenuScreenViewBase()
                0x080033b4                MenuScreenViewBase::MenuScreenViewBase()
 .text._ZN8touchgfx5Texts11setLanguageEt
                0x08003530       0x78 ./Application/User/generated/Texts.o
                0x08003530                touchgfx::Texts::setLanguage(unsigned short)
 .text._ZN17TypedTextDatabase15getInstanceSizeEv
                0x080035a8        0x4 ./Application/User/generated/TypedTextDatabase.o
                0x080035a8                TypedTextDatabase::getInstanceSize()
 .text._ZN17TypedTextDatabase8getFontsEv
                0x080035ac        0x8 ./Application/User/generated/TypedTextDatabase.o
                0x080035ac                TypedTextDatabase::getFonts()
 .text._ZN19FrontendApplicationD2Ev
                0x080035b4        0x2 ./Application/User/gui/FrontendApplication.o
                0x080035b4                FrontendApplication::~FrontendApplication()
                0x080035b4                FrontendApplication::~FrontendApplication()
 .text._ZN19FrontendApplicationD0Ev
                0x080035b6       0x10 ./Application/User/gui/FrontendApplication.o
                0x080035b6                FrontendApplication::~FrontendApplication()
 .text._ZN19FrontendApplication15handleTickEventEv
                0x080035c6       0x16 ./Application/User/gui/FrontendApplication.o
                0x080035c6                FrontendApplication::handleTickEvent()
 .text._ZN19FrontendApplicationC2ER5ModelR12FrontendHeap
                0x080035dc       0x14 ./Application/User/gui/FrontendApplication.o
                0x080035dc                FrontendApplication::FrontendApplication(Model&, FrontendHeap&)
                0x080035dc                FrontendApplication::FrontendApplication(Model&, FrontendHeap&)
 .text._ZN19GameScreenPresenterD2Ev
                0x080035f0        0x6 ./Application/User/gui/GameScreenPresenter.o
                0x080035f0                GameScreenPresenter::~GameScreenPresenter()
                0x080035f0                GameScreenPresenter::~GameScreenPresenter()
                0x080035f2                non-virtual thunk to GameScreenPresenter::~GameScreenPresenter()
 .text._ZN19GameScreenPresenter8activateEv
                0x080035f6        0x2 ./Application/User/gui/GameScreenPresenter.o
                0x080035f6                GameScreenPresenter::activate()
                0x080035f6                GameScreenPresenter::deactivate()
 .text._ZN19GameScreenPresenterD0Ev
                0x080035f8       0x14 ./Application/User/gui/GameScreenPresenter.o
                0x080035f8                GameScreenPresenter::~GameScreenPresenter()
                0x08003606                non-virtual thunk to GameScreenPresenter::~GameScreenPresenter()
 .text._ZN19GameScreenPresenterC2ER14GameScreenView
                0x0800360c       0x14 ./Application/User/gui/GameScreenPresenter.o
                0x0800360c                GameScreenPresenter::GameScreenPresenter(GameScreenView&)
                0x0800360c                GameScreenPresenter::GameScreenPresenter(GameScreenView&)
 .text._ZN14GameScreenView14tearDownScreenEv
                0x08003620        0x2 ./Application/User/gui/GameScreenView.o
                0x08003620                GameScreenView::tearDownScreen()
 *fill*         0x08003622        0x2 
 .text._ZN14GameScreenViewD2Ev
                0x08003624       0x58 ./Application/User/gui/GameScreenView.o
                0x08003624                GameScreenView::~GameScreenView()
                0x08003624                GameScreenView::~GameScreenView()
 .text._ZN14GameScreenViewD0Ev
                0x0800367c       0x16 ./Application/User/gui/GameScreenView.o
                0x0800367c                GameScreenView::~GameScreenView()
 *fill*         0x08003692        0x2 
 .text._ZN14GameScreenViewC2Ev
                0x08003694      0x1f0 ./Application/User/gui/GameScreenView.o
                0x08003694                GameScreenView::GameScreenView()
                0x08003694                GameScreenView::GameScreenView()
 .text._ZN14GameScreenView15handleTickEventEv
                0x08003884      0x634 ./Application/User/gui/GameScreenView.o
                0x08003884                GameScreenView::handleTickEvent()
 .text._ZN14GameScreenView11setupScreenEv
                0x08003eb8       0x60 ./Application/User/gui/GameScreenView.o
                0x08003eb8                GameScreenView::setupScreen()
 .text._ZN19MenuScreenPresenterD2Ev
                0x08003f18        0x6 ./Application/User/gui/MenuScreenPresenter.o
                0x08003f18                MenuScreenPresenter::~MenuScreenPresenter()
                0x08003f18                MenuScreenPresenter::~MenuScreenPresenter()
                0x08003f1a                non-virtual thunk to MenuScreenPresenter::~MenuScreenPresenter()
 .text._ZN19MenuScreenPresenter8activateEv
                0x08003f1e        0x2 ./Application/User/gui/MenuScreenPresenter.o
                0x08003f1e                MenuScreenPresenter::deactivate()
                0x08003f1e                MenuScreenPresenter::activate()
 .text._ZN19MenuScreenPresenterD0Ev
                0x08003f20       0x14 ./Application/User/gui/MenuScreenPresenter.o
                0x08003f20                MenuScreenPresenter::~MenuScreenPresenter()
                0x08003f2e                non-virtual thunk to MenuScreenPresenter::~MenuScreenPresenter()
 .text._ZN19MenuScreenPresenterC2ER14MenuScreenView
                0x08003f34       0x14 ./Application/User/gui/MenuScreenPresenter.o
                0x08003f34                MenuScreenPresenter::MenuScreenPresenter(MenuScreenView&)
                0x08003f34                MenuScreenPresenter::MenuScreenPresenter(MenuScreenView&)
 .text._ZN14MenuScreenView14tearDownScreenEv
                0x08003f48        0x2 ./Application/User/gui/MenuScreenView.o
                0x08003f48                MenuScreenView::tearDownScreen()
 *fill*         0x08003f4a        0x2 
 .text._ZN14MenuScreenViewD2Ev
                0x08003f4c       0x14 ./Application/User/gui/MenuScreenView.o
                0x08003f4c                MenuScreenView::~MenuScreenView()
                0x08003f4c                MenuScreenView::~MenuScreenView()
 .text._ZN14MenuScreenViewD0Ev
                0x08003f60       0x16 ./Application/User/gui/MenuScreenView.o
                0x08003f60                MenuScreenView::~MenuScreenView()
 *fill*         0x08003f76        0x2 
 .text._ZN14MenuScreenViewC2Ev
                0x08003f78       0x1c ./Application/User/gui/MenuScreenView.o
                0x08003f78                MenuScreenView::MenuScreenView()
                0x08003f78                MenuScreenView::MenuScreenView()
 .text._ZN14MenuScreenView11setupScreenEv
                0x08003f94        0x4 ./Application/User/gui/MenuScreenView.o
                0x08003f94                MenuScreenView::setupScreen()
 .text._ZN14MenuScreenView15handleTickEventEv
                0x08003f98       0x24 ./Application/User/gui/MenuScreenView.o
                0x08003f98                MenuScreenView::handleTickEvent()
 .text._ZN5ModelC2Ev
                0x08003fbc        0x6 ./Application/User/gui/Model.o
                0x08003fbc                Model::Model()
                0x08003fbc                Model::Model()
 .text._ZN5Model4tickEv
                0x08003fc2        0x2 ./Application/User/gui/Model.o
                0x08003fc2                Model::tick()
 .text._ZN6BulletD2Ev
                0x08003fc4       0x14 ./Application/User/src/Bullet.o
                0x08003fc4                Bullet::~Bullet()
                0x08003fc4                Bullet::~Bullet()
 .text._ZN6BulletD0Ev
                0x08003fd8       0x14 ./Application/User/src/Bullet.o
                0x08003fd8                Bullet::~Bullet()
 .text._ZN6BulletC2Ev
                0x08003fec       0x30 ./Application/User/src/Bullet.o
                0x08003fec                Bullet::Bullet()
                0x08003fec                Bullet::Bullet()
 .text._ZN6Bullet6updateEh
                0x0800401c       0x54 ./Application/User/src/Bullet.o
                0x0800401c                Bullet::update(unsigned char)
 .text._ZN5EnemyD2Ev
                0x08004070       0x14 ./Application/User/src/Enemy.o
                0x08004070                Enemy::~Enemy()
                0x08004070                Enemy::~Enemy()
 .text._ZN5EnemyD0Ev
                0x08004084       0x14 ./Application/User/src/Enemy.o
                0x08004084                Enemy::~Enemy()
 .text._ZN5EnemyC2Ev
                0x08004098       0x34 ./Application/User/src/Enemy.o
                0x08004098                Enemy::Enemy()
                0x08004098                Enemy::Enemy()
 .text._ZN5Enemy6updateEh
                0x080040cc       0x52 ./Application/User/src/Enemy.o
                0x080040cc                Enemy::update(unsigned char)
 .text._ZN5Enemy12updateBulletEh
                0x0800411e       0x18 ./Application/User/src/Enemy.o
                0x0800411e                Enemy::updateBullet(unsigned char)
 .text._ZN6EntityD2Ev
                0x08004136        0x2 ./Application/User/src/Entity.o
                0x08004136                Entity::~Entity()
                0x08004136                Entity::~Entity()
 .text._ZN6Entity6updateEv
                0x08004138        0x4 ./Application/User/src/Entity.o
                0x08004138                Entity::update()
 .text._ZN6EntityD0Ev
                0x0800413c        0xe ./Application/User/src/Entity.o
                0x0800413c                Entity::~Entity()
 *fill*         0x0800414a        0x2 
 .text._ZN6EntityC2Ev
                0x0800414c       0x14 ./Application/User/src/Entity.o
                0x0800414c                Entity::Entity()
                0x0800414c                Entity::Entity()
 .text._ZN6Entity19updateDisplayStatusEh
                0x08004160        0x4 ./Application/User/src/Entity.o
                0x08004160                Entity::updateDisplayStatus(unsigned char)
 .text._ZN6Entity16updateCoordinateEtt
                0x08004164        0x6 ./Application/User/src/Entity.o
                0x08004164                Entity::updateCoordinate(unsigned short, unsigned short)
 .text._ZN6Entity14updateVelocityEtt
                0x0800416a        0x6 ./Application/User/src/Entity.o
                0x0800416a                Entity::updateVelocity(unsigned short, unsigned short)
 .text._ZN6Entity9isCollideERS_S0_
                0x08004170       0x68 ./Application/User/src/Entity.o
                0x08004170                Entity::isCollide(Entity&, Entity&)
 .text._ZN4GameC2Ev
                0x080041d8       0x1c ./Application/User/src/Game.o
                0x080041d8                Game::Game()
                0x080041d8                Game::Game()
 .text._ZN4Game11updateScoreEs
                0x080041f4        0x8 ./Application/User/src/Game.o
                0x080041f4                Game::updateScore(short)
 .text._ZN4GameD2Ev
                0x080041fc       0x18 ./Application/User/src/Game.o
                0x080041fc                Game::~Game()
                0x080041fc                Game::~Game()
 .text._ZN4GameD0Ev
                0x08004214       0x14 ./Application/User/src/Game.o
                0x08004214                Game::~Game()
 .text._ZN4ShipD2Ev
                0x08004228       0x14 ./Application/User/src/Ship.o
                0x08004228                Ship::~Ship()
                0x08004228                Ship::~Ship()
 .text._ZN4ShipD0Ev
                0x0800423c       0x14 ./Application/User/src/Ship.o
                0x0800423c                Ship::~Ship()
 .text._ZN4ShipC2Ev
                0x08004250       0x40 ./Application/User/src/Ship.o
                0x08004250                Ship::Ship()
                0x08004250                Ship::Ship()
 .text._ZN4Ship6updateEh
                0x08004290       0x50 ./Application/User/src/Ship.o
                0x08004290                Ship::update(unsigned char)
 .text._ZN4Ship12updateBulletEh
                0x080042e0       0x18 ./Application/User/src/Ship.o
                0x080042e0                Ship::updateBullet(unsigned char)
 .text._ZN4Ship12updateShipHpEs
                0x080042f8        0x8 ./Application/User/src/Ship.o
                0x080042f8                Ship::updateShipHp(short)
 .text._ZN4Ship15updateVelocityXEs
                0x08004300        0x4 ./Application/User/src/Ship.o
                0x08004300                Ship::updateVelocityX(short)
 .text._ZN4Ship15updateVelocityYEs
                0x08004304        0x4 ./Application/User/src/Ship.o
                0x08004304                Ship::updateVelocityY(short)
 .text._Z11updateEnemyh
                0x08004308       0xa4 ./Application/User/src/app.o
                0x08004308                updateEnemy(unsigned char)
 .text._Z16updateShipBulleth
                0x080043ac       0x6c ./Application/User/src/app.o
                0x080043ac                updateShipBullet(unsigned char)
 .text._Z17updateEnemyBulleth
                0x08004418       0xa4 ./Application/User/src/app.o
                0x08004418                updateEnemyBullet(unsigned char)
 .text._Z8gameTaskPv
                0x080044bc      0x1bc ./Application/User/src/app.o
                0x080044bc                gameTask(void*)
 .text.startup._GLOBAL__sub_I_gameInstance
                0x08004678       0x50 ./Application/User/src/app.o
 .text.exit._GLOBAL__sub_D_gameInstance
                0x080046c8       0x70 ./Application/User/src/app.o
 .text.ili9341_GetLcdPixelWidth
                0x08004738        0x4 ./Drivers/BSP/Components/ili9341.o
                0x08004738                ili9341_GetLcdPixelWidth
 .text.ili9341_GetLcdPixelHeight
                0x0800473c        0x6 ./Drivers/BSP/Components/ili9341.o
                0x0800473c                ili9341_GetLcdPixelHeight
 .text.ili9341_DisplayOn
                0x08004742        0x6 ./Drivers/BSP/Components/ili9341.o
                0x08004742                ili9341_DisplayOn
 .text.ili9341_DisplayOff
                0x08004748        0x6 ./Drivers/BSP/Components/ili9341.o
                0x08004748                ili9341_DisplayOff
 .text.ili9341_Init
                0x0800474e      0x292 ./Drivers/BSP/Components/ili9341.o
                0x0800474e                ili9341_Init
 .text.ili9341_ReadID
                0x080049e0       0x12 ./Drivers/BSP/Components/ili9341.o
                0x080049e0                ili9341_ReadID
 .text.stmpe811_Reset
                0x080049f2       0x28 ./Drivers/BSP/Components/stmpe811.o
                0x080049f2                stmpe811_Reset
 .text.stmpe811_ReadID
                0x08004a1a       0x24 ./Drivers/BSP/Components/stmpe811.o
                0x08004a1a                stmpe811_ReadID
 .text.stmpe811_TS_DetectTouch
                0x08004a3e       0x38 ./Drivers/BSP/Components/stmpe811.o
                0x08004a3e                stmpe811_TS_DetectTouch
 .text.stmpe811_TS_GetXY
                0x08004a76       0x3c ./Drivers/BSP/Components/stmpe811.o
                0x08004a76                stmpe811_TS_GetXY
 *fill*         0x08004ab2        0x2 
 .text.stmpe811_Init
                0x08004ab4       0x30 ./Drivers/BSP/Components/stmpe811.o
                0x08004ab4                stmpe811_Init
 .text.stmpe811_EnableGlobalIT
                0x08004ae4       0x1e ./Drivers/BSP/Components/stmpe811.o
                0x08004ae4                stmpe811_EnableGlobalIT
 .text.stmpe811_DisableGlobalIT
                0x08004b02       0x1c ./Drivers/BSP/Components/stmpe811.o
                0x08004b02                stmpe811_DisableGlobalIT
 .text.stmpe811_EnableITSource
                0x08004b1e       0x20 ./Drivers/BSP/Components/stmpe811.o
                0x08004b1e                stmpe811_EnableITSource
 .text.stmpe811_TS_EnableIT
                0x08004b3e       0x1a ./Drivers/BSP/Components/stmpe811.o
                0x08004b3e                stmpe811_TS_EnableIT
 .text.stmpe811_DisableITSource
                0x08004b58       0x20 ./Drivers/BSP/Components/stmpe811.o
                0x08004b58                stmpe811_DisableITSource
 .text.stmpe811_TS_DisableIT
                0x08004b78       0x14 ./Drivers/BSP/Components/stmpe811.o
                0x08004b78                stmpe811_TS_DisableIT
 .text.stmpe811_ReadGITStatus
                0x08004b8c       0x10 ./Drivers/BSP/Components/stmpe811.o
                0x08004b8c                stmpe811_ReadGITStatus
 .text.stmpe811_TS_ITStatus
                0x08004b9c        0x6 ./Drivers/BSP/Components/stmpe811.o
                0x08004b9c                stmpe811_TS_ITStatus
 .text.stmpe811_ClearGlobalIT
                0x08004ba2        0xa ./Drivers/BSP/Components/stmpe811.o
                0x08004ba2                stmpe811_ClearGlobalIT
 .text.stmpe811_TS_ClearIT
                0x08004bac        0x6 ./Drivers/BSP/Components/stmpe811.o
                0x08004bac                stmpe811_TS_ClearIT
 .text.stmpe811_IO_EnableAF
                0x08004bb2       0x20 ./Drivers/BSP/Components/stmpe811.o
                0x08004bb2                stmpe811_IO_EnableAF
 .text.stmpe811_TS_Start
                0x08004bd2       0xa4 ./Drivers/BSP/Components/stmpe811.o
                0x08004bd2                stmpe811_TS_Start
 *fill*         0x08004c76        0x2 
 .text.SystemInit
                0x08004c78       0x1c ./Drivers/CMSIS/system_stm32f4xx.o
                0x08004c78                SystemInit
 .text.HAL_Init
                0x08004c94       0x34 ./Drivers/STM32F4xx_HAL_Driver/stm32f4xx_hal.o
                0x08004c94                HAL_Init
 .text.HAL_IncTick
                0x08004cc8       0x18 ./Drivers/STM32F4xx_HAL_Driver/stm32f4xx_hal.o
                0x08004cc8                HAL_IncTick
 .text.HAL_GetTick
                0x08004ce0        0xc ./Drivers/STM32F4xx_HAL_Driver/stm32f4xx_hal.o
                0x08004ce0                HAL_GetTick
 .text.HAL_Delay
                0x08004cec       0x28 ./Drivers/STM32F4xx_HAL_Driver/stm32f4xx_hal.o
                0x08004cec                HAL_Delay
 .text.HAL_NVIC_SetPriorityGrouping
                0x08004d14       0x24 ./Drivers/STM32F4xx_HAL_Driver/stm32f4xx_hal_cortex.o
                0x08004d14                HAL_NVIC_SetPriorityGrouping
 .text.HAL_NVIC_SetPriority
                0x08004d38       0x64 ./Drivers/STM32F4xx_HAL_Driver/stm32f4xx_hal_cortex.o
                0x08004d38                HAL_NVIC_SetPriority
 .text.HAL_NVIC_EnableIRQ
                0x08004d9c       0x1c ./Drivers/STM32F4xx_HAL_Driver/stm32f4xx_hal_cortex.o
                0x08004d9c                HAL_NVIC_EnableIRQ
 .text.HAL_CRC_Init
                0x08004db8       0x20 ./Drivers/STM32F4xx_HAL_Driver/stm32f4xx_hal_crc.o
                0x08004db8                HAL_CRC_Init
 .text.HAL_DMA2D_Init
                0x08004dd8       0x54 ./Drivers/STM32F4xx_HAL_Driver/stm32f4xx_hal_dma2d.o
                0x08004dd8                HAL_DMA2D_Init
 .text.HAL_DMA2D_LineEventCallback
                0x08004e2c        0x2 ./Drivers/STM32F4xx_HAL_Driver/stm32f4xx_hal_dma2d.o
                0x08004e2c                HAL_DMA2D_LineEventCallback
 .text.HAL_DMA2D_CLUTLoadingCpltCallback
                0x08004e2e        0x2 ./Drivers/STM32F4xx_HAL_Driver/stm32f4xx_hal_dma2d.o
                0x08004e2e                HAL_DMA2D_CLUTLoadingCpltCallback
 .text.HAL_DMA2D_IRQHandler
                0x08004e30      0x114 ./Drivers/STM32F4xx_HAL_Driver/stm32f4xx_hal_dma2d.o
                0x08004e30                HAL_DMA2D_IRQHandler
 .text.HAL_DMA2D_ConfigLayer
                0x08004f44       0x88 ./Drivers/STM32F4xx_HAL_Driver/stm32f4xx_hal_dma2d.o
                0x08004f44                HAL_DMA2D_ConfigLayer
 .text.HAL_GPIO_Init
                0x08004fcc      0x1c8 ./Drivers/STM32F4xx_HAL_Driver/stm32f4xx_hal_gpio.o
                0x08004fcc                HAL_GPIO_Init
 .text.HAL_GPIO_ReadPin
                0x08005194        0xc ./Drivers/STM32F4xx_HAL_Driver/stm32f4xx_hal_gpio.o
                0x08005194                HAL_GPIO_ReadPin
 .text.HAL_GPIO_WritePin
                0x080051a0        0xa ./Drivers/STM32F4xx_HAL_Driver/stm32f4xx_hal_gpio.o
                0x080051a0                HAL_GPIO_WritePin
 .text.HAL_GPIO_TogglePin
                0x080051aa       0x12 ./Drivers/STM32F4xx_HAL_Driver/stm32f4xx_hal_gpio.o
                0x080051aa                HAL_GPIO_TogglePin
 .text.I2C_IsAcknowledgeFailed
                0x080051bc       0x34 ./Drivers/STM32F4xx_HAL_Driver/stm32f4xx_hal_i2c.o
 .text.I2C_WaitOnFlagUntilTimeout
                0x080051f0       0x64 ./Drivers/STM32F4xx_HAL_Driver/stm32f4xx_hal_i2c.o
 .text.I2C_WaitOnMasterAddressFlagUntilTimeout
                0x08005254       0x78 ./Drivers/STM32F4xx_HAL_Driver/stm32f4xx_hal_i2c.o
 .text.I2C_WaitOnTXEFlagUntilTimeout
                0x080052cc       0x4e ./Drivers/STM32F4xx_HAL_Driver/stm32f4xx_hal_i2c.o
 *fill*         0x0800531a        0x2 
 .text.I2C_RequestMemoryWrite
                0x0800531c       0xb4 ./Drivers/STM32F4xx_HAL_Driver/stm32f4xx_hal_i2c.o
 .text.I2C_RequestMemoryRead
                0x080053d0      0x104 ./Drivers/STM32F4xx_HAL_Driver/stm32f4xx_hal_i2c.o
 .text.I2C_WaitOnBTFFlagUntilTimeout
                0x080054d4       0x4e ./Drivers/STM32F4xx_HAL_Driver/stm32f4xx_hal_i2c.o
 .text.I2C_WaitOnRXNEFlagUntilTimeout
                0x08005522       0x60 ./Drivers/STM32F4xx_HAL_Driver/stm32f4xx_hal_i2c.o
 *fill*         0x08005582        0x2 
 .text.HAL_I2C_Init
                0x08005584      0x150 ./Drivers/STM32F4xx_HAL_Driver/stm32f4xx_hal_i2c.o
                0x08005584                HAL_I2C_Init
 .text.HAL_I2C_Mem_Write
                0x080056d4      0x120 ./Drivers/STM32F4xx_HAL_Driver/stm32f4xx_hal_i2c.o
                0x080056d4                HAL_I2C_Mem_Write
 .text.HAL_I2C_Mem_Read
                0x080057f4      0x210 ./Drivers/STM32F4xx_HAL_Driver/stm32f4xx_hal_i2c.o
                0x080057f4                HAL_I2C_Mem_Read
 .text.HAL_I2CEx_ConfigAnalogFilter
                0x08005a04       0x3e ./Drivers/STM32F4xx_HAL_Driver/stm32f4xx_hal_i2c_ex.o
                0x08005a04                HAL_I2CEx_ConfigAnalogFilter
 .text.HAL_I2CEx_ConfigDigitalFilter
                0x08005a42       0x3e ./Drivers/STM32F4xx_HAL_Driver/stm32f4xx_hal_i2c_ex.o
                0x08005a42                HAL_I2CEx_ConfigDigitalFilter
 .text.LTDC_SetConfig
                0x08005a80       0xf8 ./Drivers/STM32F4xx_HAL_Driver/stm32f4xx_hal_ltdc.o
 .text.HAL_LTDC_Init
                0x08005b78       0xd8 ./Drivers/STM32F4xx_HAL_Driver/stm32f4xx_hal_ltdc.o
                0x08005b78                HAL_LTDC_Init
 .text.HAL_LTDC_ErrorCallback