../../TouchGFX/gui/include/gui/mapscreen_screen/MapScreenPresenter.hpp:28:13:MapScreenPresenter::~MapScreenPresenter()	0	static
C:/TouchGFXProjects/SpaceInvaders/TouchGFX/gui/src/mapscreen_screen/MapScreenPresenter.cpp:10:6:virtual void MapScreenPresenter::activate()	0	static
../../TouchGFX/gui/include/gui/mapscreen_screen/MapScreenPresenter.hpp:28:13:virtual MapScreenPresenter::~MapScreenPresenter()	8	static
../../TouchGFX/gui/include/gui/mapscreen_screen/MapScreenPresenter.hpp:28:13:virtual void* MapScreenPresenter::_ZThn4_N18MapScreenPresenterD1Ev()	0	static
C:/TouchGFXProjects/SpaceInvaders/TouchGFX/gui/src/mapscreen_screen/MapScreenPresenter.cpp:4:1:MapScreenPresenter::MapScreenPresenter(MapScreenView&)	0	static
